Component: ARM Compiler 5.06 update 5 (build 528) Tool: armlink [4d35e2]

==============================================================================

Section Cross References

    main.o(.text) refers to stm32f4xx_hal.o(.text) for HAL_IncTick
    main.o(.text) refers to _printf_pad.o(.text) for _printf_pre_padding
    main.o(.text) refers to _printf_percent.o(.ARM.Collect$$_printf_percent$$00000000) for _printf_percent
    main.o(.text) refers to _printf_d.o(.ARM.Collect$$_printf_percent$$00000009) for _printf_d
    main.o(.text) refers to _printf_dec.o(.text) for _printf_int_dec
    main.o(.text) refers to stm32f4xx_hal_gpio.o(.text) for HAL_GPIO_ReadPin
    main.o(.text) refers to ff.o(.text) for f_read
    main.o(.text) refers to vs1003.o(.text) for VS1003_WriteData_DMA
    main.o(.text) refers to noretval__2sprintf.o(.text) for __2sprintf
    main.o(.text) refers to touchpanel.o(.text) for TP_Init
    main.o(.text) refers to lcd.o(.text) for LCD_Initializtion
    main.o(.text) refers to search.o(.text) for FileSystem_Init
    main.o(.text) refers to main.o(.data) for .data
    main.o(.text) refers to main.o(.bss) for .bss
    main.o(.text) refers to touchpanel.o(.bss) for matrix
    main.o(.text) refers to touchpanel.o(.data) for display
    main.o(.text) refers to stm32f4xx_hal_rcc.o(.text) for HAL_RCC_OscConfig
    asciilib.o(.text) refers to rt_memcpy_v6.o(.text) for __aeabi_memcpy
    asciilib.o(.text) refers to asciilib.o(.constdata) for .constdata
    lcd.o(.text) refers to lcd.o(.data) for .data
    lcd.o(.text) refers to asciilib.o(.text) for GetASCIICode
    lcd.o(.text) refers to stm32f4xx_hal_gpio.o(.text) for HAL_GPIO_Init
    lcd.o(.text) refers to stm32f4xx_ll_fsmc.o(.text) for FSMC_NORSRAM_Init
    mp3gui.o(.text) refers to ff.o(.text) for f_open
    mp3gui.o(.text) refers to lcd.o(.text) for LCD_SetPoint
    mp3gui.o(.text) refers to mp3gui.o(.bss) for .bss
    touchpanel.o(.text) refers to stm32f4xx_hal_gpio.o(.text) for HAL_GPIO_Init
    touchpanel.o(.text) refers to stm32f4xx_hal_spi.o(.text) for HAL_SPI_TransmitReceive
    touchpanel.o(.text) refers to lcd.o(.text) for LCD_SetPoint
    touchpanel.o(.text) refers to rt_memclr_w.o(.text) for __aeabi_memclr4
    touchpanel.o(.text) refers to dflt_clz.o(x$fpl$dflt) for __aeabi_i2d
    touchpanel.o(.text) refers to deqf.o(x$fpl$deqf) for __aeabi_cdcmpeq
    touchpanel.o(.text) refers to touchpanel.o(.bss) for .bss
    touchpanel.o(.text) refers to touchpanel.o(.data) for .data
    touchpanel.o(.text) refers to dflt_clz.o(x$fpl$dfltu) for __aeabi_ui2d
    touchpanel.o(.text) refers to dmul.o(x$fpl$dmul) for __aeabi_dmul
    touchpanel.o(.text) refers to daddsub_clz.o(x$fpl$dadd) for __aeabi_dadd
    touchpanel.o(.text) refers to ddiv.o(x$fpl$ddiv) for __aeabi_ddiv
    touchpanel.o(.text) refers to dfixu.o(x$fpl$dfixu) for __aeabi_d2uiz
    diskio.o(.text) refers to sdcard.o(.text) for SD_Init
    diskio.o(.text) refers to stm32f4xx_hal_sd.o(.text) for HAL_SD_HighSpeed
    diskio.o(.text) refers to lludivv7m.o(.text) for __aeabi_uldivmod
    diskio.o(.text) refers to sdcard.o(.bss) for SDIO_HandleStructure
    ff.o(.text) refers to diskio.o(.text) for disk_write
    ff.o(.text) refers to ff.o(.data) for .data
    sdcard.o(.text) refers to stm32f4xx_hal_sd.o(.text) for HAL_SD_IRQHandler
    sdcard.o(.text) refers to stm32f4xx_hal_dma.o(.text) for HAL_DMA_IRQHandler
    sdcard.o(.text) refers to stm32f4xx_hal_cortex.o(.text) for HAL_NVIC_SetPriorityGrouping
    sdcard.o(.text) refers to stm32f4xx_hal_gpio.o(.text) for HAL_GPIO_Init
    sdcard.o(.text) refers to sdcard.o(.bss) for .bss
    sdcard.o(.text) refers to sdcard.o(.data) for .data
    search.o(.text) refers to sdcard.o(.text) for SD_Init
    search.o(.text) refers to lcd.o(.text) for delay_ms
    search.o(.text) refers to ff.o(.text) for f_mount
    search.o(.text) refers to rt_memcpy_w.o(.text) for __aeabi_memcpy4
    search.o(.text) refers to mp3gui.o(.text) for Main_GUI
    search.o(.text) refers to search.o(.bss) for .bss
    search.o(.text) refers to search.o(.data) for .data
    search.o(.text) refers to main.o(.bss) for volume_str
    i2c.o(.text) refers to stm32f4xx_hal_gpio.o(.text) for HAL_GPIO_Init
    i2c.o(.text) refers to stm32f4xx_hal_i2c.o(.text) for HAL_I2C_DeInit
    i2c.o(.text) refers to i2c.o(.bss) for .bss
    i2s.o(.text) refers to stm32f4xx_hal_i2s.o(.text) for HAL_I2S_Transmit_DMA
    i2s.o(.text) refers to stm32f4xx_hal_dma.o(.text) for HAL_DMA_DeInit
    i2s.o(.text) refers to stm32f4xx_hal_gpio.o(.text) for HAL_GPIO_Init
    i2s.o(.text) refers to stm32f4xx_hal_i2s_ex.o(.text) for HAL_I2S_Init
    i2s.o(.text) refers to stm32f4xx_hal_cortex.o(.text) for HAL_NVIC_SetPriorityGrouping
    i2s.o(.text) refers to i2s.o(.bss) for .bss
    uda1380.o(.text) refers to i2c.o(.text) for CODEC_I2C_Configuration
    uda1380.o(.text) refers to i2s.o(.text) for Audio_MAL_Play
    uda1380.o(.text) refers to uda1380.o(.data) for .data
[...]
    .text                                    0x080046d4   Section        0  search.o(.text)
    .text                                    0x08004c8c   Section        0  i2s.o(.text)
    .text                                    0x08004e60   Section        0  vs1003.o(.text)
    delay_ms                                 0x08005685   Thumb Code    28  vs1003.o(.text)
    VS1003_SPI_Init                          0x080056a1   Thumb Code    86  vs1003.o(.text)
    VS1003_SPI_SetSpeed                      0x080056f7   Thumb Code    42  vs1003.o(.text)
    VS1003_SPI_ReadWriteByte                 0x08005721   Thumb Code    42  vs1003.o(.text)
    .text                                    0x08005750   Section        0  stm32f4xx_hal.o(.text)
    .text                                    0x080058c0   Section        0  stm32f4xx_hal_cortex.o(.text)
    __NVIC_SetPriority                       0x08005ae5   Thumb Code    32  stm32f4xx_hal_cortex.o(.text)
    .text                                    0x08005b0c   Section        0  stm32f4xx_hal_dma.o(.text)
    DMA_CalcBaseAndBitshift                  0x08005b0d   Thumb Code    34  stm32f4xx_hal_dma.o(.text)
    DMA_SetConfig                            0x08005c4f   Thumb Code    40  stm32f4xx_hal_dma.o(.text)
    DMA_CheckFifoParam                       0x0800615f   Thumb Code    84  stm32f4xx_hal_dma.o(.text)
    .text                                    0x080061bc   Section        0  stm32f4xx_hal_gpio.o(.text)
    .text                                    0x080064c8   Section        0  stm32f4xx_hal_i2s.o(.text)
    .text                                    0x08006c6c   Section        0  stm32f4xx_hal_i2s_ex.o(.text)
    .text                                    0x08007978   Section        0  stm32f4xx_hal_rcc.o(.text)
    .text                                    0x08008094   Section        0  stm32f4xx_hal_sd.o(.text)
    SD_CmdResp1Error                         0x08008095   Thumb Code   230  stm32f4xx_hal_sd.o(.text)
    SD_CmdResp2Error                         0x0800842f   Thumb Code    46  stm32f4xx_hal_sd.o(.text)
    SD_Initialize_Cards                      0x0800845d   Thumb Code   226  stm32f4xx_hal_sd.o(.text)
    SD_PowerON                               0x0800853f   Thumb Code   388  stm32f4xx_hal_sd.o(.text)
    SD_IsCardProgramming                     0x0800891f   Thumb Code   322  stm32f4xx_hal_sd.o(.text)
    SD_DMA_RxError                           0x08008c31   Thumb Code    12  stm32f4xx_hal_sd.o(.text)
    SD_DMA_RxCplt                            0x08008c3f   Thumb Code    26  stm32f4xx_hal_sd.o(.text)
    SD_DMA_TxError                           0x08008d3d   Thumb Code    12  stm32f4xx_hal_sd.o(.text)
    SD_DMA_TxCplt                            0x08008d4b   Thumb Code    26  stm32f4xx_hal_sd.o(.text)
    SD_FindSCR                               0x080090ff   Thumb Code   262  stm32f4xx_hal_sd.o(.text)
    SD_CmdResp6Error                         0x0800951f   Thumb Code   112  stm32f4xx_hal_sd.o(.text)
    SD_CmdResp7Error                         0x0800958f   Thumb Code    70  stm32f4xx_hal_sd.o(.text)
    SD_WideBus_Disable                       0x080095d5   Thumb Code   114  stm32f4xx_hal_sd.o(.text)
    SD_WideBus_Enable                        0x08009647   Thumb Code   118  stm32f4xx_hal_sd.o(.text)
    .text                                    0x080096bc   Section        0  stm32f4xx_hal_spi.o(.text)
    SPI_WaitFlagStateUntilTimeout            0x0800977b   Thumb Code   150  stm32f4xx_hal_spi.o(.text)
    SPI_CloseTx_ISR                          0x08009def   Thumb Code   118  stm32f4xx_hal_spi.o(.text)
    SPI_TxISR_8BIT                           0x08009e65   Thumb Code    46  stm32f4xx_hal_spi.o(.text)
    SPI_TxISR_16BIT                          0x08009e93   Thumb Code    48  stm32f4xx_hal_spi.o(.text)
    SPI_CloseRx_ISR                          0x08009f71   Thumb Code   104  stm32f4xx_hal_spi.o(.text)
    SPI_RxISR_8BITCRC                        0x08009fd9   Thumb Code    24  stm32f4xx_hal_spi.o(.text)
    SPI_RxISR_8BIT                           0x08009ff1   Thumb Code    64  stm32f4xx_hal_spi.o(.text)
    SPI_RxISR_16BITCRC                       0x0800a031   Thumb Code    32  stm32f4xx_hal_spi.o(.text)
    SPI_RxISR_16BIT                          0x0800a051   Thumb Code    66  stm32f4xx_hal_spi.o(.text)
    SPI_CloseRxTx_ISR                        0x0800a095   Thumb Code   170  stm32f4xx_hal_spi.o(.text)
    SPI_2linesTxISR_8BIT                     0x0800a13f   Thumb Code    70  stm32f4xx_hal_spi.o(.text)
    SPI_2linesRxISR_8BITCRC                  0x0800a185   Thumb Code    42  stm32f4xx_hal_spi.o(.text)
    SPI_2linesRxISR_8BIT                     0x0800a1af   Thumb Code    76  stm32f4xx_hal_spi.o(.text)
    SPI_2linesTxISR_16BIT                    0x0800a1fb   Thumb Code    72  stm32f4xx_hal_spi.o(.text)
    SPI_2linesRxISR_16BITCRC                 0x0800a243   Thumb Code    32  stm32f4xx_hal_spi.o(.text)
    SPI_2linesRxISR_16BIT                    0x0800a263   Thumb Code    58  stm32f4xx_hal_spi.o(.text)
    SPI_DMAError                             0x0800a407   Thumb Code    34  stm32f4xx_hal_spi.o(.text)
    SPI_DMATransmitCplt                      0x0800a429   Thumb Code    90  stm32f4xx_hal_spi.o(.text)
    SPI_DMAHalfTransmitCplt                  0x0800a485   Thumb Code    10  stm32f4xx_hal_spi.o(.text)
    SPI_DMAReceiveCplt                       0x0800a557   Thumb Code   206  stm32f4xx_hal_spi.o(.text)
    SPI_DMAHalfReceiveCplt                   0x0800a627   Thumb Code    10  stm32f4xx_hal_spi.o(.text)
    SPI_DMATransmitReceiveCplt               0x0800a631   Thumb Code   152  stm32f4xx_hal_spi.o(.text)
    SPI_DMAHalfTransmitReceiveCplt           0x0800a6cb   Thumb Code    10  stm32f4xx_hal_spi.o(.text)
    SPI_DMAAbortOnError                      0x0800a93b   Thumb Code    16  stm32f4xx_hal_spi.o(.text)
    SPI_CheckFlag_BSY                        0x0800aa25   Thumb Code    32  stm32f4xx_hal_spi.o(.text)
    .text                                    0x0800aa5c   Section        0  stm32f4xx_ll_fsmc.o(.text)
    .text                                    0x0800ad80   Section        0  stm32f4xx_ll_sdmmc.o(.text)
    .text                                    0x0800ae3c   Section       64  startup_stm32f407xx.o(.text)
    $v0                                      0x0800ae3c   Number         0  startup_stm32f407xx.o(.text)
    .text                                    0x0800ae7c   Section        0  system_stm32f4xx.o(.text)
    .text                                    0x0800af44   Section      238  lludivv7m.o(.text)
    .text                                    0x0800b034   Section        0  noretval__2sprintf.o(.text)
    .text                                    0x0800b05c   Section        0  _printf_pad.o(.text)
    .text                                    0x0800b0ac   Section        0  _printf_dec.o(.text)
    .text                                    0x0800b124   Section        0  __printf_wp.o(.text)
    .text                                    0x0800b232   Section      138  rt_memcpy_v6.o(.text)
    .text                                    0x0800b2bc   Section      100  rt_memcpy_w.o(.text)
    .text                                    0x0800b320   Section       78  rt_memclr_w.o(.text)
    .text                                    0x0800b36e   Section        0  heapauxi.o(.text)
    .text                                    0x0800b374   Section        0  _printf_intcommon.o(.text)
    .text                                    0x0800b428   Section        0  _printf_char_common.o(.text)
    _printf_input_char                       0x0800b429   Thumb Code    10  _printf_char_common.o(.text)
    .text                                    0x0800b458   Section        0  _sputc.o(.text)
    .text                                    0x0800b462   Section       74  sys_stackheap_outer.o(.text)
    .text                                    0x0800b4ac   Section        0  exit.o(.text)
    .text                                    0x0800b4c0   Section        8  libspace.o(.text)
    .text                                    0x0800b4c8   Section        0  sys_exit.o(.text)
    .text                                    0x0800b4d4   Section        2  use_no_semi.o(.text)
    .text                                    0x0800b4d6   Section        0  indicate_semi.o(.text)
    i._is_digit                              0x0800b4d6   Section        0  __printf_wp.o(i._is_digit)
    x$fpl$dadd                               0x0800b4e4   Section      336  daddsub_clz.o(x$fpl$dadd)
    $v0                                      0x0800b4e4   Number         0  daddsub_clz.o(x$fpl$dadd)
    _dadd1                                   0x0800b4f5   Thumb Code     0  daddsub_clz.o(x$fpl$dadd)
    x$fpl$dcmpinf                            0x0800b634   Section       24  dcmpi.o(x$fpl$dcmpinf)
    $v0                                      0x0800b634   Number         0  dcmpi.o(x$fpl$dcmpinf)
    x$fpl$ddiv                               0x0800b64c   Section      688  ddiv.o(x$fpl$ddiv)
    $v0                                      0x0800b64c   Number         0  ddiv.o(x$fpl$ddiv)
    ddiv_entry                               0x0800b653   Thumb Code     0  ddiv.o(x$fpl$ddiv)
    x$fpl$deqf                               0x0800b8fc   Section      120  deqf.o(x$fpl$deqf)
    $v0                                      0x0800b8fc   Number         0  deqf.o(x$fpl$deqf)
    x$fpl$dfixu                              0x0800b974   Section       90  dfixu.o(x$fpl$dfixu)
    $v0                                      0x0800b974   Number         0  dfixu.o(x$fpl$dfixu)
    x$fpl$dflt                               0x0800b9ce   Section       46  dflt_clz.o(x$fpl$dflt)
    $v0                                      0x0800b9ce   Number         0  dflt_clz.o(x$fpl$dflt)
    x$fpl$dfltu                              0x0800b9fc   Section       38  dflt_clz.o(x$fpl$dfltu)
    $v0                                      0x0800b9fc   Number         0  dflt_clz.o(x$fpl$dfltu)
    x$fpl$dmul                               0x0800ba24   Section      340  dmul.o(x$fpl$dmul)
    $v0                                      0x0800ba24   Number         0  dmul.o(x$fpl$dmul)
    x$fpl$dnaninf                            0x0800bb78   Section      156  dnaninf.o(x$fpl$dnaninf)
    $v0                                      0x0800bb78   Number         0  dnaninf.o(x$fpl$dnaninf)
    x$fpl$dretinf                            0x0800bc14   Section       12  dretinf.o(x$fpl$dretinf)
    $v0                                      0x0800bc14   Number         0  dretinf.o(x$fpl$dretinf)
    x$fpl$dsub                               0x0800bc20   Section      468  daddsub_clz.o(x$fpl$dsub)
    $v0                                      0x0800bc20   Number         0  daddsub_clz.o(x$fpl$dsub)
    _dsub1                                   0x0800bc31   Thumb Code     0  daddsub_clz.o(x$fpl$dsub)
    x$fpl$fpinit                             0x0800bdf4   Section       10  fpinit.o(x$fpl$fpinit)
    $v0                                      0x0800bdf4   Number         0  fpinit.o(x$fpl$fpinit)
    .constdata                               0x0800bdfe   Section     1520  asciilib.o(.constdata)
    x$fpl$usenofp                            0x0800bdfe   Section        0  usenofp.o(x$fpl$usenofp)
    AsciiLib                                 0x0800bdfe   Data        1520  asciilib.o(.constdata)
    .constdata                               0x0800c3ee   Section        8  stm32f4xx_hal_dma.o(.constdata)
    flagBitshiftOffset                       0x0800c3ee   Data           8  stm32f4xx_hal_dma.o(.constdata)
    .constdata                               0x0800c3f6   Section       16  stm32f4xx_hal_rcc.o(.constdata)
    .constdata                               0x0800c406   Section       16  system_stm32f4xx.o(.constdata)
    .data                                    0x20000000   Section       20  main.o(.data)
    .data                                    0x20000014   Section        4  lcd.o(.data)
    LCD_Code                                 0x20000014   Data           1  lcd.o(.data)
    .data                                    0x20000018   Section       16  touchpanel.o(.data)
    screen                                   0x20000018   Data           4  touchpanel.o(.data)
    .data                                    0x20000028   Section        4  touchpanel.o(.data)
    .data                                    0x2000002c   Section        8  ff.o(.data)
    Fsid                                     0x2000002c   Data           2  ff.o(.data)
    FatFs                                    0x20000030   Data           4  ff.o(.data)
    .data                                    0x20000034   Section        4  sdcard.o(.data)
    CardType                                 0x20000034   Data           4  sdcard.o(.data)
    .data                                    0x20000038   Section      212  search.o(.data)
    .data                                    0x2000010c   Section       17  vs1003.o(.data)
    .data                                    0x20000120   Section        4  stm32f4xx_hal.o(.data)
    .data                                    0x20000124   Section        4  system_stm32f4xx.o(.data)
    .bss                                     0x20000128   Section     2864  main.o(.bss)
    .bss                                     0x20000c58   Section     1800  mp3gui.o(.bss)
    .bss                                     0x20001360   Section      156  touchpanel.o(.bss)
    .bss                                     0x20001400   Section      376  sdcard.o(.bss)
    .bss                                     0x20001578   Section     1916  search.o(.bss)
    FilePath                                 0x20001578   Data         100  search.o(.bss)
    .bss                                     0x20001cf4   Section      164  i2s.o(.bss)
    .bss                                     0x20001d98   Section      204  vs1003.o(.bss)
    .bss                                     0x20001e64   Section       96  libspace.o(.bss)
    HEAP                                     0x20001ec8   Section      512  startup_stm32f407xx.o(HEAP)
    Heap_Mem                                 0x20001ec8   Data         512  startup_stm32f407xx.o(HEAP)
    STACK                                    0x200020c8   Section     1024  startup_stm32f407xx.o(STACK)
    Stack_Mem                                0x200020c8   Data        1024  startup_stm32f407xx.o(STACK)
    __initial_sp                             0x200024c8   Data           0  startup_stm32f407xx.o(STACK)

    Global Symbols

    Symbol Name                              Value     Ov Type        Size  Object(Section)

    BuildAttributes$$THM_ISAv4$E$P$D$K$B$S$7EM$VFPi3$EXTD16$VFPS$VFMA$PE$A:L22UL41UL21$X:L11$S22US41US21$IEEE1$IW$USESV6$~STKCKD$USESV7$~SHL$OSPACE$ROPI$EBA8$UX$STANDARDLIB$REQ8$PRES8$EABIv2 0x00000000   Number         0  anon$$obj.o ABSOLUTE
    __ARM_use_no_argv                        0x00000000   Number         0  main.o ABSOLUTE
    _printf_flags                            0x00000000   Number         0  printf_stubs.o ABSOLUTE
    _printf_return_value                     0x00000000   Number         0  printf_stubs.o ABSOLUTE
    _printf_sizespec                         0x00000000   Number         0  printf_stubs.o ABSOLUTE
    _printf_widthprec                        0x00000000   Number         0  printf_stubs.o ABSOLUTE
    __ARM_exceptions_init                     - Undefined Weak Reference
    __alloca_initialize                       - Undefined Weak Reference
    __arm_preinit_                            - Undefined Weak Reference
    __cpp_initialize__aeabi_                  - Undefined Weak Reference
    __cxa_finalize                            - Undefined Weak Reference
    __rt_locale                               - Undefined Weak Reference
    __sigvec_lookup                           - Undefined Weak Reference
    _atexit_init                              - Undefined Weak Reference
    _call_atexit_fns                          - Undefined Weak Reference
    _clock_init                               - Undefined Weak Reference
    _fp_trap_init                             - Undefined Weak Reference
    _fp_trap_shutdown                         - Undefined Weak Reference
    _get_lc_collate                           - Undefined Weak Reference
    _get_lc_ctype                             - Undefined Weak Reference
    _get_lc_monetary                          - Undefined Weak Reference
    _get_lc_numeric                           - Undefined Weak Reference
    _get_lc_time                              - Undefined Weak Reference
    _getenv_init                              - Undefined Weak Reference
    _handle_redirection                       - Undefined Weak Reference
    _init_alloc                               - Undefined Weak Reference
    _init_user_alloc                          - Undefined Weak Reference
    _initio                                   - Undefined Weak Reference
    _printf_truncate_signed                   - Undefined Weak Reference
    _printf_truncate_unsigned                 - Undefined Weak Reference
    _rand_init                                - Undefined Weak Reference
    _signal_finish                            - Undefined Weak Reference
    _signal_init                              - Undefined Weak Reference
    _terminate_alloc                          - Undefined Weak Reference
    _terminate_user_alloc                     - Undefined Weak Reference
    _terminateio                              - Undefined Weak Reference
    __Vectors_Size                           0x00000188   Number         0  startup_stm32f407xx.o ABSOLUTE
    __Vectors                                0x08000000   Data           4  startup_stm32f407xx.o(RESET)
    __Vectors_End                            0x08000188   Data           0  startup_stm32f407xx.o(RESET)
    __main                                   0x08000189   Thumb Code     8  __main.o(!!!main)
    __scatterload                            0x08000191   Thumb Code     0  __scatter.o(!!!scatter)
    __scatterload_rt2                        0x08000191   Thumb Code    44  __scatter.o(!!!scatter)
    __scatterload_rt2_thumb_only             0x08000191   Thumb Code     0  __scatter.o(!!!scatter)
    __scatterload_null                       0x0800019f   Thumb Code     0  __scatter.o(!!!scatter)
    __scatterload_copy                       0x080001c5   Thumb Code    26  __scatter_copy.o(!!handler_copy)
    __scatterload_zeroinit                   0x080001e1   Thumb Code    28  __scatter_zi.o(!!handler_zi)
    _printf_d                                0x080001fd   Thumb Code     0  _printf_d.o(.ARM.Collect$$_printf_percent$$00000009)
    _printf_percent                          0x080001fd   Thumb Code     0  _printf_percent.o(.ARM.Collect$$_printf_percent$$00000000)
    _printf_percent_end                      0x08000203   Thumb Code     0  _printf_percent_end.o(.ARM.Collect$$_printf_percent$$00000017)
    __rt_lib_init                            0x08000207   Thumb Code     0  libinit.o(.ARM.Collect$$libinit$$00000000)
    __rt_lib_init_fp_1                       0x08000209   Thumb Code     0  libinit2.o(.ARM.Collect$$libinit$$00000001)
    __rt_lib_init_alloca_1                   0x0800020d   Thumb Code     0  libinit2.o(.ARM.Collect$$libinit$$0000002E)
    __rt_lib_init_argv_1                     0x0800020d   Thumb Code     0  libinit2.o(.ARM.Collect$$libinit$$0000002C)
    __rt_lib_init_atexit_1                   0x0800020d   Thumb Code     0  libinit2.o(.ARM.Collect$$libinit$$0000001B)
    __rt_lib_init_clock_1                    0x0800020d   Thumb Code     0  libinit2.o(.ARM.Collect$$libinit$$00000021)
    __rt_lib_init_cpp_1                      0x0800020d   Thumb Code     0  libinit2.o(.ARM.Collect$$libinit$$00000032)
    __rt_lib_init_exceptions_1               0x0800020d   Thumb Code     0  libinit2.o(.ARM.Collect$$libinit$$00000030)
    __rt_lib_init_fp_trap_1                  0x0800020d   Thumb Code     0  libinit2.o(.ARM.Collect$$libinit$$0000001F)
    __rt_lib_init_getenv_1                   0x0800020d   Thumb Code     0  libinit2.o(.ARM.Collect$$libinit$$00000023)
    __rt_lib_init_heap_1                     0x0800020d   Thumb Code     0  libinit2.o(.ARM.Collect$$libinit$$0000000A)
    __rt_lib_init_lc_collate_1               0x0800020d   Thumb Code     0  libinit2.o(.ARM.Collect$$libinit$$00000011)
    __rt_lib_init_lc_ctype_1                 0x0800020d   Thumb Code     0  libinit2.o(.ARM.Collect$$libinit$$00000013)
    __rt_lib_init_lc_monetary_1              0x0800020d   Thumb Code     0  libinit2.o(.ARM.Collect$$libinit$$00000015)
    __rt_lib_init_lc_numeric_1               0x0800020d   Thumb Code     0  libinit2.o(.ARM.Collect$$libinit$$00000017)
    __rt_lib_init_lc_time_1                  0x0800020d   Thumb Code     0  libinit2.o(.ARM.Collect$$libinit$$00000019)
    __rt_lib_init_preinit_1                  0x0800020d   Thumb Code     0  libinit2.o(.ARM.Collect$$libinit$$00000004)
    __rt_lib_init_rand_1                     0x0800020d   Thumb Code     0  libinit2.o(.ARM.Collect$$libinit$$0000000E)
    __rt_lib_init_return                     0x0800020d   Thumb Code     0  libinit2.o(.ARM.Collect$$libinit$$00000033)
    __rt_lib_init_signal_1                   0x0800020d   Thumb Code     0  libinit2.o(.ARM.Collect$$libinit$$0000001D)
    __rt_lib_init_stdio_1                    0x0800020d   Thumb Code     0  libinit2.o(.ARM.Collect$$libinit$$00000025)
    __rt_lib_init_user_alloc_1               0x0800020d   Thumb Code     0  libinit2.o(.ARM.Collect$$libinit$$0000000C)
    __rt_lib_shutdown                        0x0800020f   Thumb Code     0  libshutdown.o(.ARM.Collect$$libshutdown$$00000000)
    __rt_lib_shutdown_cpp_1                  0x08000211   Thumb Code     0  libshutdown2.o(.ARM.Collect$$libshutdown$$00000002)
    __rt_lib_shutdown_fp_trap_1              0x08000211   Thumb Code     0  libshutdown2.o(.ARM.Collect$$libshutdown$$00000007)
    __rt_lib_shutdown_heap_1                 0x08000211   Thumb Code     0  libshutdown2.o(.ARM.Collect$$libshutdown$$0000000F)
    __rt_lib_shutdown_return                 0x08000211   Thumb Code     0  libshutdown2.o(.ARM.Collect$$libshutdown$$00000010)
    __rt_lib_shutdown_signal_1               0x08000211   Thumb Code     0  libshutdown2.o(.ARM.Collect$$libshutdown$$0000000A)
    __rt_lib_shutdown_stdio_1                0x08000211   Thumb Code     0  libshutdown2.o(.ARM.Collect$$libshutdown$$00000004)
    __rt_lib_shutdown_user_alloc_1           0x08000211   Thumb Code     0  libshutdown2.o(.ARM.Collect$$libshutdown$$0000000C)
    __rt_entry                               0x08000213   Thumb Code     0  __rtentry.o(.ARM.Collect$$rtentry$$00000000)
    __rt_entry_presh_1                       0x08000213   Thumb Code     0  __rtentry2.o(.ARM.Collect$$rtentry$$00000002)
    __rt_entry_sh                            0x08000213   Thumb Code     0  __rtentry4.o(.ARM.Collect$$rtentry$$00000004)
    __rt_entry_li                            0x08000219   Thumb Code     0  __rtentry2.o(.ARM.Collect$$rtentry$$0000000A)
    __rt_entry_postsh_1                      0x08000219   Thumb Code     0  __rtentry2.o(.ARM.Collect$$rtentry$$00000009)
    __rt_entry_main                          0x0800021d   Thumb Code     0  __rtentry2.o(.ARM.Collect$$rtentry$$0000000D)
    __rt_entry_postli_1                      0x0800021d   Thumb Code     0  __rtentry2.o(.ARM.Collect$$rtentry$$0000000C)
    __rt_exit                                0x08000225   Thumb Code     0  rtexit.o(.ARM.Collect$$rtexit$$00000000)
    __rt_exit_ls                             0x08000227   Thumb Code     0  rtexit2.o(.ARM.Collect$$rtexit$$00000003)
    __rt_exit_prels_1                        0x08000227   Thumb Code     0  rtexit2.o(.ARM.Collect$$rtexit$$00000002)
    __rt_exit_exit                           0x0800022b   Thumb Code     0  rtexit2.o(.ARM.Collect$$rtexit$$00000004)
    SysTick_Handler                          0x08000231   Thumb Code     4  main.o(.text)
    PlayMp3                                  0x08000235   Thumb Code    82  main.o(.text)
    main                                     0x08000287   Thumb Code   902  main.o(.text)
    GetASCIICode                             0x080006dd   Thumb Code    16  asciilib.o(.text)
    delay_ms                                 0x080006f1   Thumb Code    28  lcd.o(.text)
    LCD_Initializtion                        0x0800070d   Thumb Code  6248  lcd.o(.text)
    LCD_Clear                                0x08001fad   Thumb Code   118  lcd.o(.text)
    LCD_GetPoint                             0x08002023   Thumb Code    94  lcd.o(.text)
    LCD_SetPoint                             0x08002081   Thumb Code    32  lcd.o(.text)
    LCD_DrawLine                             0x080020a1   Thumb Code   220  lcd.o(.text)
    PutChar                                  0x0800217d   Thumb Code    82  lcd.o(.text)
    GUI_Text                                 0x080021cf   Thumb Code    70  lcd.o(.text)
    Draw_Object                              0x08002325   Thumb Code   138  mp3gui.o(.text)
    Draw_Rect                                0x080023af   Thumb Code   132  mp3gui.o(.text)
    Main_GUI                                 0x08002433   Thumb Code   346  mp3gui.o(.text)
    Play_GUI                                 0x0800258d   Thumb Code     2  mp3gui.o(.text)
    TP_Init                                  0x080025a1   Thumb Code   138  touchpanel.o(.text)
    Read_X                                   0x0800266d   Thumb Code    52  touchpanel.o(.text)
    Read_Y                                   0x080026a1   Thumb Code    52  touchpanel.o(.text)
    TP_GetAdXY                               0x080026d5   Thumb Code    28  touchpanel.o(.text)
    TP_DrawPoint                             0x080026f1   Thumb Code    50  touchpanel.o(.text)
    DrawCross                                0x08002723   Thumb Code   256  touchpanel.o(.text)
    Read_Ads7846                             0x08002823   Thumb Code   294  touchpanel.o(.text)
    setCalibrationMatrix                     0x08002949   Thumb Code   362  touchpanel.o(.text)
    getDisplayPoint                          0x08002ab3   Thumb Code   208  touchpanel.o(.text)
    TouchPanel_Calibrate                     0x08002b83   Thumb Code   124  touchpanel.o(.text)
    disk_initialize                          0x08002cb9   Thumb Code    46  diskio.o(.text)
    disk_status                              0x08002ce7   Thumb Code    20  diskio.o(.text)
    disk_read                                0x08002cfb   Thumb Code    62  diskio.o(.text)
    disk_write                               0x08002d39   Thumb Code    74  diskio.o(.text)
    disk_ioctl                               0x08002d83   Thumb Code    46  diskio.o(.text)
    get_fattime                              0x08002db1   Thumb Code     4  diskio.o(.text)
    clust2sect                               0x08002edd   Thumb Code    24  ff.o(.text)
    get_fat                                  0x08002ef5   Thumb Code   182  ff.o(.text)
    put_fat                                  0x08002fab   Thumb Code   248  ff.o(.text)
    f_mount                                  0x08003859   Thumb Code    26  ff.o(.text)
    f_open                                   0x08003873   Thumb Code   308  ff.o(.text)
    f_read                                   0x080039a7   Thumb Code   324  ff.o(.text)
    f_write                                  0x08003aeb   Thumb Code   392  ff.o(.text)
    f_sync                                   0x08003c73   Thumb Code   164  ff.o(.text)
    f_close                                  0x08003d17   Thumb Code    18  ff.o(.text)
    f_lseek                                  0x08003d29   Thumb Code   306  ff.o(.text)
    f_opendir                                0x08003e5b   Thumb Code    78  ff.o(.text)
    f_readdir                                0x08003ea9   Thumb Code    80  ff.o(.text)
    f_stat                                   0x08003ef9   Thumb Code    58  ff.o(.text)
    f_getfree                                0x08003f33   Thumb Code   200  ff.o(.text)
    f_truncate                               0x08003ffb   Thumb Code   144  ff.o(.text)
    f_unlink                                 0x0800408b   Thumb Code   154  ff.o(.text)
    f_mkdir                                  0x08004125   Thumb Code   402  ff.o(.text)
    f_chmod                                  0x080042b7   Thumb Code    74  ff.o(.text)
    f_utime                                  0x08004301   Thumb Code    80  ff.o(.text)
    f_rename                                 0x08004351   Thumb Code   256  ff.o(.text)
    SDIO_IRQHandler                          0x08004491   Thumb Code     6  sdcard.o(.text)
    DMA2_Stream6_IRQHandler                  0x08004497   Thumb Code    34  sdcard.o(.text)
    NVIC_Configuration                       0x080044b9   Thumb Code    44  sdcard.o(.text)
    SD_LowLevel_DeInit                       0x080044e5   Thumb Code    20  sdcard.o(.text)
    SD_LowLevel_Init                         0x080044f9   Thumb Code   138  sdcard.o(.text)
    SD_LowLevel_DMA_TxConfig                 0x08004583   Thumb Code   114  sdcard.o(.text)
    SD_LowLevel_DMA_RxConfig                 0x080045f5   Thumb Code   112  sdcard.o(.text)
    SD_DeInit                                0x08004665   Thumb Code     2  sdcard.o(.text)
    SD_Init                                  0x08004667   Thumb Code    64  sdcard.o(.text)
    convert_from_bytes_to_power_of_two       0x080046a7   Thumb Code    18  sdcard.o(.text)
    FileSystem_Init                          0x080046d5   Thumb Code    32  search.o(.text)
    ToUpperDir                               0x080046f5   Thumb Code    56  search.o(.text)
    ToDownDir                                0x0800472d   Thumb Code    64  search.o(.text)
    GetFilePath                              0x0800476d   Thumb Code    74  search.o(.text)
    CheckExtension                           0x080047b7   Thumb Code    48  search.o(.text)
    PosToFInfo                               0x080047e7   Thumb Code    98  search.o(.text)
    DisplayCurrentDir                        0x08004849   Thumb Code   238  search.o(.text)
    OutPutFile                               0x08004937   Thumb Code   626  search.o(.text)
    DrawUpArrow                              0x08004ba9   Thumb Code    80  search.o(.text)
    DrawDownArrow                            0x08004bf9   Thumb Code    78  search.o(.text)
    PosToCtrl                                0x08004c47   Thumb Code    46  search.o(.text)
    Audio_MAL_Play                           0x08004c8d   Thumb Code    32  i2s.o(.text)
    I2S_DMA_Init                             0x08004cad   Thumb Code   122  i2s.o(.text)
    I2S_LowLevel_Init                        0x08004d27   Thumb Code   232  i2s.o(.text)
    I2S_NVIC_Configuration                   0x08004e0f   Thumb Code    28  i2s.o(.text)
    I2S_Configuration                        0x08004e2b   Thumb Code    20  i2s.o(.text)
    DMA1_Stream4_IRQHandler                  0x08004e3f   Thumb Code     6  i2s.o(.text)
    SPI1_DMA_Init                            0x08004e61   Thumb Code   120  vs1003.o(.text)
    SPI3_DMA_Init                            0x08004ed9   Thumb Code    98  vs1003.o(.text)
    VS1003_WriteData_DMA                     0x08004f3b   Thumb Code    70  vs1003.o(.text)
    DMA2_Stream5_IRQHandler                  0x08004f81   Thumb Code     6  vs1003.o(.text)
    DMA1_Stream7_IRQHandler                  0x08004f87   Thumb Code     6  vs1003.o(.text)
    EXTI9_5_IRQHandler                       0x08004f8d   Thumb Code     8  vs1003.o(.text)
    HAL_GPIO_EXTI_Callback                   0x08004f95   Thumb Code    52  vs1003.o(.text)
    HAL_SPI_TxCpltCallback                   0x08004fc9   Thumb Code   108  vs1003.o(.text)
    VS1003_WriteData_DMA_ING                 0x08005035   Thumb Code    14  vs1003.o(.text)
    VS1003_Init                              0x08005043   Thumb Code   178  vs1003.o(.text)
    VS1003_WriteReg                          0x080050f5   Thumb Code    98  vs1003.o(.text)
    VS1003_ReadReg                           0x08005157   Thumb Code   106  vs1003.o(.text)
    VS1003_ResetDecodeTime                   0x080051c1   Thumb Code    20  vs1003.o(.text)
    VS1003_GetDecodeTime                     0x080051d5   Thumb Code     4  vs1003.o(.text)
    VS1003_StopPlay                          0x080051d9   Thumb Code    58  vs1003.o(.text)
    VS1003_SoftReset                         0x08005213   Thumb Code   254  vs1003.o(.text)
    VS1003_Reset                             0x08005311   Thumb Code    60  vs1003.o(.text)
    VS1003_SineTest                          0x0800534d   Thumb Code   344  vs1003.o(.text)
    VS1003_RamTest                           0x080054a5   Thumb Code   124  vs1003.o(.text)
    VS1003_SetVol                            0x08005521   Thumb Code    60  vs1003.o(.text)
    VS1003_WriteData                         0x0800555d   Thumb Code    62  vs1003.o(.text)
    VS1003_Record_Init                       0x0800559b   Thumb Code   234  vs1003.o(.text)
    HAL_MspInit                              0x08005751   Thumb Code     2  stm32f4xx_hal.o(.text)
    HAL_InitTick                             0x08005753   Thumb Code    34  stm32f4xx_hal.o(.text)
    HAL_Init                                 0x08005775   Thumb Code    48  stm32f4xx_hal.o(.text)
    HAL_MspDeInit                            0x080057a5   Thumb Code     2  stm32f4xx_hal.o(.text)
    HAL_DeInit                               0x080057a7   Thumb Code    48  stm32f4xx_hal.o(.text)
    HAL_IncTick                              0x080057d7   Thumb Code    10  stm32f4xx_hal.o(.text)
    HAL_GetTick                              0x080057e1   Thumb Code     6  stm32f4xx_hal.o(.text)
    HAL_Delay                                0x080057e7   Thumb Code    22  stm32f4xx_hal.o(.text)
    HAL_SuspendTick                          0x080057fd   Thumb Code    14  stm32f4xx_hal.o(.text)
    HAL_ResumeTick                           0x0800580b   Thumb Code    14  stm32f4xx_hal.o(.text)
    HAL_GetHalVersion                        0x08005819   Thumb Code     6  stm32f4xx_hal.o(.text)
    HAL_GetREVID                             0x0800581f   Thumb Code     8  stm32f4xx_hal.o(.text)
    HAL_GetDEVID                             0x08005827   Thumb Code    10  stm32f4xx_hal.o(.text)
    HAL_DBGMCU_EnableDBGSleepMode            0x08005831   Thumb Code    12  stm32f4xx_hal.o(.text)
    HAL_DBGMCU_DisableDBGSleepMode           0x0800583d   Thumb Code    12  stm32f4xx_hal.o(.text)
    HAL_DBGMCU_EnableDBGStopMode             0x08005849   Thumb Code    12  stm32f4xx_hal.o(.text)
    HAL_DBGMCU_DisableDBGStopMode            0x08005855   Thumb Code    12  stm32f4xx_hal.o(.text)
    HAL_DBGMCU_EnableDBGStandbyMode          0x08005861   Thumb Code    12  stm32f4xx_hal.o(.text)
    HAL_DBGMCU_DisableDBGStandbyMode         0x0800586d   Thumb Code    12  stm32f4xx_hal.o(.text)
    HAL_EnableCompensationCell               0x08005879   Thumb Code    22  stm32f4xx_hal.o(.text)
    HAL_DisableCompensationCell              0x0800588f   Thumb Code    24  stm32f4xx_hal.o(.text)
    HAL_NVIC_SetPriorityGrouping             0x080058c1   Thumb Code    26  stm32f4xx_hal_cortex.o(.text)
    HAL_NVIC_SetPriority                     0x080058db   Thumb Code    60  stm32f4xx_hal_cortex.o(.text)
    HAL_NVIC_EnableIRQ                       0x08005917   Thumb Code    26  stm32f4xx_hal_cortex.o(.text)
    HAL_NVIC_DisableIRQ                      0x08005931   Thumb Code    34  stm32f4xx_hal_cortex.o(.text)
    HAL_NVIC_SystemReset                     0x08005953   Thumb Code    28  stm32f4xx_hal_cortex.o(.text)
    HAL_SYSTICK_Config                       0x0800596f   Thumb Code    40  stm32f4xx_hal_cortex.o(.text)
    HAL_MPU_ConfigRegion                     0x08005997   Thumb Code    82  stm32f4xx_hal_cortex.o(.text)
    HAL_NVIC_GetPriorityGrouping             0x080059e9   Thumb Code    10  stm32f4xx_hal_cortex.o(.text)
    HAL_NVIC_GetPriority                     0x080059f3   Thumb Code    84  stm32f4xx_hal_cortex.o(.text)
    HAL_NVIC_SetPendingIRQ                   0x08005a47   Thumb Code    26  stm32f4xx_hal_cortex.o(.text)
    HAL_NVIC_GetPendingIRQ                   0x08005a61   Thumb Code    36  stm32f4xx_hal_cortex.o(.text)
    HAL_NVIC_ClearPendingIRQ                 0x08005a85   Thumb Code    26  stm32f4xx_hal_cortex.o(.text)
    HAL_NVIC_GetActive                       0x08005a9f   Thumb Code    36  stm32f4xx_hal_cortex.o(.text)
    HAL_SYSTICK_CLKSourceConfig              0x08005ac3   Thumb Code    24  stm32f4xx_hal_cortex.o(.text)
    HAL_SYSTICK_Callback                     0x08005adb   Thumb Code     2  stm32f4xx_hal_cortex.o(.text)
    HAL_SYSTICK_IRQHandler                   0x08005add   Thumb Code     8  stm32f4xx_hal_cortex.o(.text)
    HAL_DMA_Init                             0x08005b2f   Thumb Code   202  stm32f4xx_hal_dma.o(.text)
    HAL_DMA_DeInit                           0x08005bf9   Thumb Code    86  stm32f4xx_hal_dma.o(.text)
    HAL_DMA_Start                            0x08005c77   Thumb Code    70  stm32f4xx_hal_dma.o(.text)
    HAL_DMA_Start_IT                         0x08005cbd   Thumb Code   118  stm32f4xx_hal_dma.o(.text)
    HAL_DMA_Abort                            0x08005d33   Thumb Code   140  stm32f4xx_hal_dma.o(.text)
    HAL_DMA_Abort_IT                         0x08005dbf   Thumb Code    36  stm32f4xx_hal_dma.o(.text)
    HAL_DMA_PollForTransfer                  0x08005de3   Thumb Code   290  stm32f4xx_hal_dma.o(.text)
    HAL_DMA_IRQHandler                       0x08005f05   Thumb Code   416  stm32f4xx_hal_dma.o(.text)
    HAL_DMA_RegisterCallback                 0x080060a5   Thumb Code    80  stm32f4xx_hal_dma.o(.text)
    HAL_DMA_UnRegisterCallback               0x080060f5   Thumb Code    96  stm32f4xx_hal_dma.o(.text)
    HAL_DMA_GetState                         0x08006155   Thumb Code     6  stm32f4xx_hal_dma.o(.text)
    HAL_DMA_GetError                         0x0800615b   Thumb Code     4  stm32f4xx_hal_dma.o(.text)
    HAL_GPIO_Init                            0x080061bd   Thumb Code   402  stm32f4xx_hal_gpio.o(.text)
    HAL_GPIO_DeInit                          0x0800634f   Thumb Code   250  stm32f4xx_hal_gpio.o(.text)
    HAL_GPIO_ReadPin                         0x08006449   Thumb Code    10  stm32f4xx_hal_gpio.o(.text)
    HAL_GPIO_WritePin                        0x08006453   Thumb Code    10  stm32f4xx_hal_gpio.o(.text)
    HAL_GPIO_TogglePin                       0x0800645d   Thumb Code     8  stm32f4xx_hal_gpio.o(.text)
    HAL_GPIO_LockPin                         0x08006465   Thumb Code    34  stm32f4xx_hal_gpio.o(.text)
    HAL_GPIO_EXTI_IRQHandler                 0x08006489   Thumb Code    20  stm32f4xx_hal_gpio.o(.text)
    HAL_I2S_MspInit                          0x080064c9   Thumb Code     2  stm32f4xx_hal_i2s.o(.text)
    HAL_I2S_MspDeInit                        0x08006595   Thumb Code     2  stm32f4xx_hal_i2s.o(.text)
    HAL_I2S_DeInit                           0x08006597   Thumb Code    36  stm32f4xx_hal_i2s.o(.text)
    I2S_WaitFlagStateUntilTimeout            0x080065bb   Thumb Code   104  stm32f4xx_hal_i2s.o(.text)
    HAL_I2S_Transmit                         0x08006623   Thumb Code   188  stm32f4xx_hal_i2s.o(.text)
    HAL_I2S_Receive                          0x080066df   Thumb Code   174  stm32f4xx_hal_i2s.o(.text)
    HAL_I2S_Transmit_IT                      0x0800678d   Thumb Code   108  stm32f4xx_hal_i2s.o(.text)
    HAL_I2S_Receive_IT                       0x080067f9   Thumb Code   108  stm32f4xx_hal_i2s.o(.text)
    HAL_I2S_ErrorCallback                    0x08006865   Thumb Code     2  stm32f4xx_hal_i2s.o(.text)
    I2S_DMAError                             0x08006867   Thumb Code    30  stm32f4xx_hal_i2s.o(.text)
    HAL_I2S_TxHalfCpltCallback               0x08006885   Thumb Code     2  stm32f4xx_hal_i2s.o(.text)
    I2S_DMATxHalfCplt                        0x08006887   Thumb Code    10  stm32f4xx_hal_i2s.o(.text)
    HAL_I2S_Transmit_DMA                     0x08006891   Thumb Code   162  stm32f4xx_hal_i2s.o(.text)
    HAL_I2S_RxHalfCpltCallback               0x08006933   Thumb Code     2  stm32f4xx_hal_i2s.o(.text)
    I2S_DMARxHalfCplt                        0x08006935   Thumb Code    10  stm32f4xx_hal_i2s.o(.text)
    HAL_I2S_Receive_DMA                      0x0800693f   Thumb Code   186  stm32f4xx_hal_i2s.o(.text)
    HAL_I2S_TxCpltCallback                   0x08006b09   Thumb Code     2  stm32f4xx_hal_i2s.o(.text)
    I2S_Transmit_IT                          0x08006b0b   Thumb Code    84  stm32f4xx_hal_i2s.o(.text)
    HAL_I2S_RxCpltCallback                   0x08006b5f   Thumb Code     2  stm32f4xx_hal_i2s.o(.text)
    I2S_Receive_IT                           0x08006b61   Thumb Code   100  stm32f4xx_hal_i2s.o(.text)
    HAL_I2S_GetState                         0x08006c5b   Thumb Code     6  stm32f4xx_hal_i2s.o(.text)
    HAL_I2S_GetError                         0x08006c61   Thumb Code     4  stm32f4xx_hal_i2s.o(.text)
    I2S_GetInputClock                        0x08006c6d   Thumb Code    58  stm32f4xx_hal_i2s_ex.o(.text)
    HAL_I2S_Init                             0x08006ca7   Thumb Code   342  stm32f4xx_hal_i2s_ex.o(.text)
    HAL_I2SEx_TransmitReceive                0x08006dfd   Thumb Code   470  stm32f4xx_hal_i2s_ex.o(.text)
    HAL_I2SEx_TransmitReceive_IT             0x08006fd3   Thumb Code   384  stm32f4xx_hal_i2s_ex.o(.text)
    I2S_DMATxCplt                            0x08007153   Thumb Code   112  stm32f4xx_hal_i2s_ex.o(.text)
    I2S_DMARxCplt                            0x080071c3   Thumb Code   110  stm32f4xx_hal_i2s_ex.o(.text)
    HAL_I2SEx_TransmitReceive_DMA            0x08007231   Thumb Code   432  stm32f4xx_hal_i2s_ex.o(.text)
    HAL_I2S_DMAPause                         0x080073e1   Thumb Code   162  stm32f4xx_hal_i2s_ex.o(.text)
    HAL_I2S_DMAResume                        0x08007483   Thumb Code   176  stm32f4xx_hal_i2s_ex.o(.text)
    HAL_I2S_DMAStop                          0x08007533   Thumb Code   208  stm32f4xx_hal_i2s_ex.o(.text)
    I2SEx_TransmitReceive_IT                 0x08007603   Thumb Code   382  stm32f4xx_hal_i2s_ex.o(.text)
    HAL_I2S_IRQHandler                       0x08007781   Thumb Code   494  stm32f4xx_hal_i2s_ex.o(.text)
    HAL_RCC_OscConfig                        0x0800797b   Thumb Code   766  stm32f4xx_hal_rcc.o(.text)
    HAL_RCC_GetSysClockFreq                  0x08007c79   Thumb Code   104  stm32f4xx_hal_rcc.o(.text)
    HAL_RCC_ClockConfig                      0x08007ce1   Thumb Code   386  stm32f4xx_hal_rcc.o(.text)
    HAL_RCC_MCOConfig                        0x08007e63   Thumb Code   126  stm32f4xx_hal_rcc.o(.text)
    HAL_RCC_EnableCSS                        0x08007ee1   Thumb Code     8  stm32f4xx_hal_rcc.o(.text)
    HAL_RCC_DisableCSS                       0x08007ee9   Thumb Code     8  stm32f4xx_hal_rcc.o(.text)
    HAL_RCC_GetHCLKFreq                      0x08007ef1   Thumb Code     6  stm32f4xx_hal_rcc.o(.text)
    HAL_RCC_GetPCLK1Freq                     0x08007ef7   Thumb Code    36  stm32f4xx_hal_rcc.o(.text)
    HAL_RCC_GetPCLK2Freq                     0x08007f1b   Thumb Code    36  stm32f4xx_hal_rcc.o(.text)
    HAL_RCC_GetOscConfig                     0x08007f3f   Thumb Code   228  stm32f4xx_hal_rcc.o(.text)
    HAL_RCC_GetClockConfig                   0x08008023   Thumb Code    56  stm32f4xx_hal_rcc.o(.text)
    HAL_RCC_CSSCallback                      0x0800805b   Thumb Code     2  stm32f4xx_hal_rcc.o(.text)
    HAL_RCC_NMI_IRQHandler                   0x0800805d   Thumb Code    26  stm32f4xx_hal_rcc.o(.text)
    HAL_SD_Get_CardInfo                      0x0800817b   Thumb Code   692  stm32f4xx_hal_sd.o(.text)
    HAL_SD_MspInit                           0x080086c3   Thumb Code     2  stm32f4xx_hal_sd.o(.text)
    HAL_SD_Init                              0x080086c5   Thumb Code   158  stm32f4xx_hal_sd.o(.text)
    HAL_SD_MspDeInit                         0x08008763   Thumb Code     2  stm32f4xx_hal_sd.o(.text)
    HAL_SD_DeInit                            0x08008765   Thumb Code    20  stm32f4xx_hal_sd.o(.text)
    HAL_SD_StopTransfer                      0x08008779   Thumb Code    44  stm32f4xx_hal_sd.o(.text)
    HAL_SD_ReadBlocks                        0x080087a5   Thumb Code   378  stm32f4xx_hal_sd.o(.text)
    HAL_SD_WriteBlocks                       0x08008a61   Thumb Code   462  stm32f4xx_hal_sd.o(.text)
    HAL_SD_DMA_RxErrorCallback               0x08008c2f   Thumb Code     2  stm32f4xx_hal_sd.o(.text)
    HAL_SD_DMA_RxCpltCallback                0x08008c3d   Thumb Code     2  stm32f4xx_hal_sd.o(.text)
    HAL_SD_ReadBlocks_DMA                    0x08008c59   Thumb Code   226  stm32f4xx_hal_sd.o(.text)
    HAL_SD_DMA_TxErrorCallback               0x08008d3b   Thumb Code     2  stm32f4xx_hal_sd.o(.text)
    HAL_SD_DMA_TxCpltCallback                0x08008d49   Thumb Code     2  stm32f4xx_hal_sd.o(.text)
    HAL_SD_WriteBlocks_DMA                   0x08008d65   Thumb Code   226  stm32f4xx_hal_sd.o(.text)
    HAL_SD_CheckReadOperation                0x08008e47   Thumb Code   102  stm32f4xx_hal_sd.o(.text)
    HAL_SD_GetStatus                         0x08008ead   Thumb Code    88  stm32f4xx_hal_sd.o(.text)
    HAL_SD_CheckWriteOperation               0x08008f05   Thumb Code   110  stm32f4xx_hal_sd.o(.text)
    HAL_SD_Erase                             0x08008f73   Thumb Code   242  stm32f4xx_hal_sd.o(.text)
    HAL_SD_XferErrorCallback                 0x08009065   Thumb Code     2  stm32f4xx_hal_sd.o(.text)
    HAL_SD_XferCpltCallback                  0x08009067   Thumb Code     2  stm32f4xx_hal_sd.o(.text)
    HAL_SD_IRQHandler                        0x08009069   Thumb Code   150  stm32f4xx_hal_sd.o(.text)
    HAL_SD_WideBusOperation_Config           0x08009205   Thumb Code    94  stm32f4xx_hal_sd.o(.text)
    HAL_SD_HighSpeed                         0x08009263   Thumb Code   296  stm32f4xx_hal_sd.o(.text)
    HAL_SD_SendSDStatus                      0x0800938b   Thumb Code   290  stm32f4xx_hal_sd.o(.text)
    HAL_SD_GetCardStatus                     0x080094ad   Thumb Code   114  stm32f4xx_hal_sd.o(.text)
    HAL_SPI_MspInit                          0x080096bd   Thumb Code     2  stm32f4xx_hal_spi.o(.text)
    HAL_SPI_Init                             0x080096bf   Thumb Code   140  stm32f4xx_hal_spi.o(.text)
    HAL_SPI_MspDeInit                        0x0800974b   Thumb Code     2  stm32f4xx_hal_spi.o(.text)
    HAL_SPI_DeInit                           0x0800974d   Thumb Code    46  stm32f4xx_hal_spi.o(.text)
    HAL_SPI_Transmit                         0x08009811   Thumb Code   404  stm32f4xx_hal_spi.o(.text)
    HAL_SPI_TransmitReceive                  0x080099a5   Thumb Code   606  stm32f4xx_hal_spi.o(.text)
    HAL_SPI_Receive                          0x08009c03   Thumb Code   488  stm32f4xx_hal_spi.o(.text)
    HAL_SPI_ErrorCallback                    0x08009ded   Thumb Code     2  stm32f4xx_hal_spi.o(.text)
    HAL_SPI_Transmit_IT                      0x08009ec3   Thumb Code   172  stm32f4xx_hal_spi.o(.text)
    HAL_SPI_RxCpltCallback                   0x08009f6f   Thumb Code     2  stm32f4xx_hal_spi.o(.text)
    HAL_SPI_TxRxCpltCallback                 0x0800a093   Thumb Code     2  stm32f4xx_hal_spi.o(.text)
    HAL_SPI_TransmitReceive_IT               0x0800a29d   Thumb Code   178  stm32f4xx_hal_spi.o(.text)
    HAL_SPI_Receive_IT                       0x0800a34f   Thumb Code   184  stm32f4xx_hal_spi.o(.text)
    HAL_SPI_TxHalfCpltCallback               0x0800a483   Thumb Code     2  stm32f4xx_hal_spi.o(.text)
    HAL_SPI_Transmit_DMA                     0x0800a48f   Thumb Code   200  stm32f4xx_hal_spi.o(.text)
    HAL_SPI_RxHalfCpltCallback               0x0800a625   Thumb Code     2  stm32f4xx_hal_spi.o(.text)
    HAL_SPI_TxRxHalfCpltCallback             0x0800a6c9   Thumb Code     2  stm32f4xx_hal_spi.o(.text)
    HAL_SPI_TransmitReceive_DMA              0x0800a6d5   Thumb Code   272  stm32f4xx_hal_spi.o(.text)
    HAL_SPI_Receive_DMA                      0x0800a7e5   Thumb Code   226  stm32f4xx_hal_spi.o(.text)
    HAL_SPI_DMAPause                         0x0800a8c7   Thumb Code    38  stm32f4xx_hal_spi.o(.text)
    HAL_SPI_DMAResume                        0x0800a8ed   Thumb Code    38  stm32f4xx_hal_spi.o(.text)
    HAL_SPI_DMAStop                          0x0800a913   Thumb Code    40  stm32f4xx_hal_spi.o(.text)
    HAL_SPI_IRQHandler                       0x0800a94b   Thumb Code   208  stm32f4xx_hal_spi.o(.text)
    HAL_SPI_GetState                         0x0800aa1b   Thumb Code     6  stm32f4xx_hal_spi.o(.text)
    HAL_SPI_GetError                         0x0800aa21   Thumb Code     4  stm32f4xx_hal_spi.o(.text)
    FSMC_NORSRAM_Init                        0x0800aa5d   Thumb Code    80  stm32f4xx_ll_fsmc.o(.text)
    FSMC_NORSRAM_DeInit                      0x0800aaad   Thumb Code    48  stm32f4xx_ll_fsmc.o(.text)
    FSMC_NORSRAM_Timing_Init                 0x0800aadd   Thumb Code    66  stm32f4xx_ll_fsmc.o(.text)
    FSMC_NORSRAM_Extended_Timing_Init        0x0800ab1f   Thumb Code    60  stm32f4xx_ll_fsmc.o(.text)
    FSMC_NORSRAM_WriteOperation_Enable       0x0800ab5b   Thumb Code    16  stm32f4xx_ll_fsmc.o(.text)
    FSMC_NORSRAM_WriteOperation_Disable      0x0800ab6b   Thumb Code    16  stm32f4xx_ll_fsmc.o(.text)
    FSMC_NAND_Init                           0x0800ab7b   Thumb Code    74  stm32f4xx_ll_fsmc.o(.text)
    FSMC_NAND_CommonSpace_Timing_Init        0x0800abc5   Thumb Code    48  stm32f4xx_ll_fsmc.o(.text)
    FSMC_NAND_AttributeSpace_Timing_Init     0x0800abf5   Thumb Code    48  stm32f4xx_ll_fsmc.o(.text)
    FSMC_NAND_DeInit                         0x0800ac25   Thumb Code    52  stm32f4xx_ll_fsmc.o(.text)
    FSMC_NAND_ECC_Enable                     0x0800ac59   Thumb Code    26  stm32f4xx_ll_fsmc.o(.text)
    FSMC_NAND_ECC_Disable                    0x0800ac73   Thumb Code    26  stm32f4xx_ll_fsmc.o(.text)
    FSMC_NAND_GetECC                         0x0800ac8d   Thumb Code    78  stm32f4xx_ll_fsmc.o(.text)
    FSMC_PCCARD_Init                         0x0800acdb   Thumb Code    34  stm32f4xx_ll_fsmc.o(.text)
    FSMC_PCCARD_CommonSpace_Timing_Init      0x0800acfd   Thumb Code    28  stm32f4xx_ll_fsmc.o(.text)
    FSMC_PCCARD_AttributeSpace_Timing_Init   0x0800ad19   Thumb Code    28  stm32f4xx_ll_fsmc.o(.text)
    FSMC_PCCARD_IOSpace_Timing_Init          0x0800ad35   Thumb Code    28  stm32f4xx_ll_fsmc.o(.text)
    FSMC_PCCARD_DeInit                       0x0800ad51   Thumb Code    30  stm32f4xx_ll_fsmc.o(.text)
    SDIO_Init                                0x0800ad81   Thumb Code    36  stm32f4xx_ll_sdmmc.o(.text)
    SDIO_ReadFIFO                            0x0800ada5   Thumb Code     6  stm32f4xx_ll_sdmmc.o(.text)
    SDIO_WriteFIFO                           0x0800adab   Thumb Code    10  stm32f4xx_ll_sdmmc.o(.text)
    SDIO_PowerState_ON                       0x0800adb5   Thumb Code     8  stm32f4xx_ll_sdmmc.o(.text)
    SDIO_PowerState_OFF                      0x0800adbd   Thumb Code     8  stm32f4xx_ll_sdmmc.o(.text)
    SDIO_GetPowerState                       0x0800adc5   Thumb Code     8  stm32f4xx_ll_sdmmc.o(.text)
    SDIO_SendCommand                         0x0800adcd   Thumb Code    32  stm32f4xx_ll_sdmmc.o(.text)
    SDIO_GetCommandResponse                  0x0800aded   Thumb Code     6  stm32f4xx_ll_sdmmc.o(.text)
    SDIO_GetResponse                         0x0800adf3   Thumb Code    12  stm32f4xx_ll_sdmmc.o(.text)
    SDIO_DataConfig                          0x0800adff   Thumb Code    36  stm32f4xx_ll_sdmmc.o(.text)
    SDIO_GetDataCounter                      0x0800ae23   Thumb Code     4  stm32f4xx_ll_sdmmc.o(.text)
    SDIO_GetFIFOCount                        0x0800ae27   Thumb Code     6  stm32f4xx_ll_sdmmc.o(.text)
    SDIO_SetSDIOReadWaitMode                 0x0800ae2d   Thumb Code     8  stm32f4xx_ll_sdmmc.o(.text)
    Reset_Handler                            0x0800ae3d   Thumb Code     8  startup_stm32f407xx.o(.text)
    NMI_Handler                              0x0800ae45   Thumb Code     2  startup_stm32f407xx.o(.text)
    HardFault_Handler                        0x0800ae47   Thumb Code     2  startup_stm32f407xx.o(.text)
    MemManage_Handler                        0x0800ae49   Thumb Code     2  startup_stm32f407xx.o(.text)
    BusFault_Handler                         0x0800ae4b   Thumb Code     2  startup_stm32f407xx.o(.text)
    UsageFault_Handler                       0x0800ae4d   Thumb Code     2  startup_stm32f407xx.o(.text)
    SVC_Handler                              0x0800ae4f   Thumb Code     2  startup_stm32f407xx.o(.text)
    DebugMon_Handler                         0x0800ae51   Thumb Code     2  startup_stm32f407xx.o(.text)
    PendSV_Handler                           0x0800ae53   Thumb Code     2  startup_stm32f407xx.o(.text)
    ADC_IRQHandler                           0x0800ae57   Thumb Code     0  startup_stm32f407xx.o(.text)
    CAN1_RX0_IRQHandler                      0x0800ae57   Thumb Code     0  startup_stm32f407xx.o(.text)
    CAN1_RX1_IRQHandler                      0x0800ae57   Thumb Code     0  startup_stm32f407xx.o(.text)
    CAN1_SCE_IRQHandler                      0x0800ae57   Thumb Code     0  startup_stm32f407xx.o(.text)
    CAN1_TX_IRQHandler                       0x0800ae57   Thumb Code     0  startup_stm32f407xx.o(.text)
    CAN2_RX0_IRQHandler                      0x0800ae57   Thumb Code     0  startup_stm32f407xx.o(.text)
    CAN2_RX1_IRQHandler                      0x0800ae57   Thumb Code     0  startup_stm32f407xx.o(.text)
    CAN2_SCE_IRQHandler                      0x0800ae57   Thumb Code     0  startup_stm32f407xx.o(.text)
    CAN2_TX_IRQHandler                       0x0800ae57   Thumb Code     0  startup_stm32f407xx.o(.text)
    DCMI_IRQHandler                          0x0800ae57   Thumb Code     0  startup_stm32f407xx.o(.text)
    DMA1_Stream0_IRQHandler                  0x0800ae57   Thumb Code     0  startup_stm32f407xx.o(.text)
    DMA1_Stream1_IRQHandler                  0x0800ae57   Thumb Code     0  startup_stm32f407xx.o(.text)
    DMA1_Stream2_IRQHandler                  0x0800ae57   Thumb Code     0  startup_stm32f407xx.o(.text)
    DMA1_Stream3_IRQHandler                  0x0800ae57   Thumb Code     0  startup_stm32f407xx.o(.text)
    DMA1_Stream5_IRQHandler                  0x0800ae57   Thumb Code     0  startup_stm32f407xx.o(.text)
    DMA1_Stream6_IRQHandler                  0x0800ae57   Thumb Code     0  startup_stm32f407xx.o(.text)
    DMA2_Stream0_IRQHandler                  0x0800ae57   Thumb Code     0  startup_stm32f407xx.o(.text)
    DMA2_Stream1_IRQHandler                  0x0800ae57   Thumb Code     0  startup_stm32f407xx.o(.text)
    DMA2_Stream2_IRQHandler                  0x0800ae57   Thumb Code     0  startup_stm32f407xx.o(.text)
    DMA2_Stream3_IRQHandler                  0x0800ae57   Thumb Code     0  startup_stm32f407xx.o(.text)
    DMA2_Stream4_IRQHandler                  0x0800ae57   Thumb Code     0  startup_stm32f407xx.o(.text)
    DMA2_Stream7_IRQHandler                  0x0800ae57   Thumb Code     0  startup_stm32f407xx.o(.text)
    ETH_IRQHandler                           0x0800ae57   Thumb Code     0  startup_stm32f407xx.o(.text)
    ETH_WKUP_IRQHandler                      0x0800ae57   Thumb Code     0  startup_stm32f407xx.o(.text)
    EXTI0_IRQHandler                         0x0800ae57   Thumb Code     0  startup_stm32f407xx.o(.text)
    EXTI15_10_IRQHandler                     0x0800ae57   Thumb Code     0  startup_stm32f407xx.o(.text)
    EXTI1_IRQHandler                         0x0800ae57   Thumb Code     0  startup_stm32f407xx.o(.text)
    EXTI2_IRQHandler                         0x0800ae57   Thumb Code     0  startup_stm32f407xx.o(.text)
    EXTI3_IRQHandler                         0x0800ae57   Thumb Code     0  startup_stm32f407xx.o(.text)
    EXTI4_IRQHandler                         0x0800ae57   Thumb Code     0  startup_stm32f407xx.o(.text)
    FLASH_IRQHandler                         0x0800ae57   Thumb Code     0  startup_stm32f407xx.o(.text)
    FMC_IRQHandler                           0x0800ae57   Thumb Code     0  startup_stm32f407xx.o(.text)
    FPU_IRQHandler                           0x0800ae57   Thumb Code     0  startup_stm32f407xx.o(.text)
    HASH_RNG_IRQHandler                      0x0800ae57   Thumb Code     0  startup_stm32f407xx.o(.text)
    I2C1_ER_IRQHandler                       0x0800ae57   Thumb Code     0  startup_stm32f407xx.o(.text)
    I2C1_EV_IRQHandler                       0x0800ae57   Thumb Code     0  startup_stm32f407xx.o(.text)
    I2C2_ER_IRQHandler                       0x0800ae57   Thumb Code     0  startup_stm32f407xx.o(.text)
    I2C2_EV_IRQHandler                       0x0800ae57   Thumb Code     0  startup_stm32f407xx.o(.text)
    I2C3_ER_IRQHandler                       0x0800ae57   Thumb Code     0  startup_stm32f407xx.o(.text)
    I2C3_EV_IRQHandler                       0x0800ae57   Thumb Code     0  startup_stm32f407xx.o(.text)
    OTG_FS_IRQHandler                        0x0800ae57   Thumb Code     0  startup_stm32f407xx.o(.text)
    OTG_FS_WKUP_IRQHandler                   0x0800ae57   Thumb Code     0  startup_stm32f407xx.o(.text)
    OTG_HS_EP1_IN_IRQHandler                 0x0800ae57   Thumb Code     0  startup_stm32f407xx.o(.text)
    OTG_HS_EP1_OUT_IRQHandler                0x0800ae57   Thumb Code     0  startup_stm32f407xx.o(.text)
    OTG_HS_IRQHandler                        0x0800ae57   Thumb Code     0  startup_stm32f407xx.o(.text)
    OTG_HS_WKUP_IRQHandler                   0x0800ae57   Thumb Code     0  startup_stm32f407xx.o(.text)
    PVD_IRQHandler                           0x0800ae57   Thumb Code     0  startup_stm32f407xx.o(.text)
    RCC_IRQHandler                           0x0800ae57   Thumb Code     0  startup_stm32f407xx.o(.text)
    RTC_Alarm_IRQHandler                     0x0800ae57   Thumb Code     0  startup_stm32f407xx.o(.text)
    RTC_WKUP_IRQHandler                      0x0800ae57   Thumb Code     0  startup_stm32f407xx.o(.text)
    SPI1_IRQHandler                          0x0800ae57   Thumb Code     0  startup_stm32f407xx.o(.text)
    SPI2_IRQHandler                          0x0800ae57   Thumb Code     0  startup_stm32f407xx.o(.text)
    SPI3_IRQHandler                          0x0800ae57   Thumb Code     0  startup_stm32f407xx.o(.text)
    TAMP_STAMP_IRQHandler                    0x0800ae57   Thumb Code     0  startup_stm32f407xx.o(.text)
    TIM1_BRK_TIM9_IRQHandler                 0x0800ae57   Thumb Code     0  startup_stm32f407xx.o(.text)
    TIM1_CC_IRQHandler                       0x0800ae57   Thumb Code     0  startup_stm32f407xx.o(.text)
    TIM1_TRG_COM_TIM11_IRQHandler            0x0800ae57   Thumb Code     0  startup_stm32f407xx.o(.text)
    TIM1_UP_TIM10_IRQHandler                 0x0800ae57   Thumb Code     0  startup_stm32f407xx.o(.text)
    TIM2_IRQHandler                          0x0800ae57   Thumb Code     0  startup_stm32f407xx.o(.text)
    TIM3_IRQHandler                          0x0800ae57   Thumb Code     0  startup_stm32f407xx.o(.text)
    TIM4_IRQHandler                          0x0800ae57   Thumb Code     0  startup_stm32f407xx.o(.text)
    TIM5_IRQHandler                          0x0800ae57   Thumb Code     0  startup_stm32f407xx.o(.text)
    TIM6_DAC_IRQHandler                      0x0800ae57   Thumb Code     0  startup_stm32f407xx.o(.text)
    TIM7_IRQHandler                          0x0800ae57   Thumb Code     0  startup_stm32f407xx.o(.text)
    TIM8_BRK_TIM12_IRQHandler                0x0800ae57   Thumb Code     0  startup_stm32f407xx.o(.text)
    TIM8_CC_IRQHandler                       0x0800ae57   Thumb Code     0  startup_stm32f407xx.o(.text)
    TIM8_TRG_COM_TIM14_IRQHandler            0x0800ae57   Thumb Code     0  startup_stm32f407xx.o(.text)
    TIM8_UP_TIM13_IRQHandler                 0x0800ae57   Thumb Code     0  startup_stm32f407xx.o(.text)
    UART4_IRQHandler                         0x0800ae57   Thumb Code     0  startup_stm32f407xx.o(.text)
    UART5_IRQHandler                         0x0800ae57   Thumb Code     0  startup_stm32f407xx.o(.text)
    USART1_IRQHandler                        0x0800ae57   Thumb Code     0  startup_stm32f407xx.o(.text)
    USART2_IRQHandler                        0x0800ae57   Thumb Code     0  startup_stm32f407xx.o(.text)
    USART3_IRQHandler                        0x0800ae57   Thumb Code     0  startup_stm32f407xx.o(.text)
    USART6_IRQHandler                        0x0800ae57   Thumb Code     0  startup_stm32f407xx.o(.text)
    WWDG_IRQHandler                          0x0800ae57   Thumb Code     0  startup_stm32f407xx.o(.text)
    __user_initial_stackheap                 0x0800ae59   Thumb Code     0  startup_stm32f407xx.o(.text)
    SystemInit                               0x0800ae7d   Thumb Code    66  system_stm32f4xx.o(.text)
    SystemCoreClockUpdate                    0x0800aebf   Thumb Code   106  system_stm32f4xx.o(.text)
    __aeabi_uldivmod                         0x0800af45   Thumb Code     0  lludivv7m.o(.text)
    _ll_udiv                                 0x0800af45   Thumb Code   238  lludivv7m.o(.text)
    __2sprintf                               0x0800b035   Thumb Code    34  noretval__2sprintf.o(.text)
    _printf_pre_padding                      0x0800b05d   Thumb Code    44  _printf_pad.o(.text)
    _printf_post_padding                     0x0800b089   Thumb Code    34  _printf_pad.o(.text)
    _printf_int_dec                          0x0800b0ad   Thumb Code   104  _printf_dec.o(.text)
    __printf                                 0x0800b125   Thumb Code   270  __printf_wp.o(.text)
    __aeabi_memcpy                           0x0800b233   Thumb Code     0  rt_memcpy_v6.o(.text)
    __rt_memcpy                              0x0800b233   Thumb Code   138  rt_memcpy_v6.o(.text)
    _memcpy_lastbytes                        0x0800b299   Thumb Code     0  rt_memcpy_v6.o(.text)
    __aeabi_memcpy4                          0x0800b2bd   Thumb Code     0  rt_memcpy_w.o(.text)
    __aeabi_memcpy8                          0x0800b2bd   Thumb Code     0  rt_memcpy_w.o(.text)
    __rt_memcpy_w                            0x0800b2bd   Thumb Code   100  rt_memcpy_w.o(.text)
    _memcpy_lastbytes_aligned                0x0800b305   Thumb Code     0  rt_memcpy_w.o(.text)
    __aeabi_memclr4                          0x0800b321   Thumb Code     0  rt_memclr_w.o(.text)
    __aeabi_memclr8                          0x0800b321   Thumb Code     0  rt_memclr_w.o(.text)
    __rt_memclr_w                            0x0800b321   Thumb Code    78  rt_memclr_w.o(.text)
    _memset_w                                0x0800b325   Thumb Code     0  rt_memclr_w.o(.text)
    __use_two_region_memory                  0x0800b36f   Thumb Code     2  heapauxi.o(.text)
    __rt_heap_escrow$2region                 0x0800b371   Thumb Code     2  heapauxi.o(.text)
    __rt_heap_expand$2region                 0x0800b373   Thumb Code     2  heapauxi.o(.text)
    _printf_int_common                       0x0800b375   Thumb Code   178  _printf_intcommon.o(.text)
    _printf_char_common                      0x0800b433   Thumb Code    32  _printf_char_common.o(.text)
    _sputc                                   0x0800b459   Thumb Code    10  _sputc.o(.text)
    __user_setup_stackheap                   0x0800b463   Thumb Code    74  sys_stackheap_outer.o(.text)
    exit                                     0x0800b4ad   Thumb Code    18  exit.o(.text)
    __user_libspace                          0x0800b4c1   Thumb Code     8  libspace.o(.text)
    __user_perproc_libspace                  0x0800b4c1   Thumb Code     0  libspace.o(.text)
    __user_perthread_libspace                0x0800b4c1   Thumb Code     0  libspace.o(.text)
    _sys_exit                                0x0800b4c9   Thumb Code     8  sys_exit.o(.text)
    __I$use$semihosting                      0x0800b4d5   Thumb Code     0  use_no_semi.o(.text)
    __use_no_semihosting_swi                 0x0800b4d5   Thumb Code     2  use_no_semi.o(.text)
    __semihosting_library_function           0x0800b4d7   Thumb Code     0  indicate_semi.o(.text)
    _is_digit                                0x0800b4d7   Thumb Code    14  __printf_wp.o(i._is_digit)
    __aeabi_dadd                             0x0800b4e5   Thumb Code     0  daddsub_clz.o(x$fpl$dadd)
    _dadd                                    0x0800b4e5   Thumb Code   332  daddsub_clz.o(x$fpl$dadd)
    __fpl_dcmp_Inf                           0x0800b635   Thumb Code    24  dcmpi.o(x$fpl$dcmpinf)
    __aeabi_ddiv                             0x0800b64d   Thumb Code     0  ddiv.o(x$fpl$ddiv)
    _ddiv                                    0x0800b64d   Thumb Code   552  ddiv.o(x$fpl$ddiv)
    __aeabi_cdcmpeq                          0x0800b8fd   Thumb Code     0  deqf.o(x$fpl$deqf)
    _dcmpeq                                  0x0800b8fd   Thumb Code   120  deqf.o(x$fpl$deqf)
    __aeabi_d2uiz                            0x0800b975   Thumb Code     0  dfixu.o(x$fpl$dfixu)
    _dfixu                                   0x0800b975   Thumb Code    90  dfixu.o(x$fpl$dfixu)
    __aeabi_i2d                              0x0800b9cf   Thumb Code     0  dflt_clz.o(x$fpl$dflt)
    _dflt                                    0x0800b9cf   Thumb Code    46  dflt_clz.o(x$fpl$dflt)
    __aeabi_ui2d                             0x0800b9fd   Thumb Code     0  dflt_clz.o(x$fpl$dfltu)
    _dfltu                                   0x0800b9fd   Thumb Code    38  dflt_clz.o(x$fpl$dfltu)
    __aeabi_dmul                             0x0800ba25   Thumb Code     0  dmul.o(x$fpl$dmul)
    _dmul                                    0x0800ba25   Thumb Code   332  dmul.o(x$fpl$dmul)
    __fpl_dnaninf                            0x0800bb79   Thumb Code   156  dnaninf.o(x$fpl$dnaninf)
    __fpl_dretinf                            0x0800bc15   Thumb Code    12  dretinf.o(x$fpl$dretinf)
    __aeabi_dsub                             0x0800bc21   Thumb Code     0  daddsub_clz.o(x$fpl$dsub)
    _dsub                                    0x0800bc21   Thumb Code   464  daddsub_clz.o(x$fpl$dsub)
    _fp_init                                 0x0800bdf5   Thumb Code    10  fpinit.o(x$fpl$fpinit)
    __fplib_config_fpu_vfp                   0x0800bdfd   Thumb Code     0  fpinit.o(x$fpl$fpinit)
    __fplib_config_pureend_doubles           0x0800bdfd   Thumb Code     0  fpinit.o(x$fpl$fpinit)
    __I$use$fp                               0x0800bdfe   Number         0  usenofp.o(x$fpl$usenofp)
    APBAHBPrescTable                         0x0800c3f6   Data          16  stm32f4xx_hal_rcc.o(.constdata)
    AHBPrescTable                            0x0800c406   Data          16  system_stm32f4xx.o(.constdata)
    Region$$Table$$Base                      0x0800c418   Number         0  anon$$obj.o(Region$$Table)
    Region$$Table$$Limit                     0x0800c438   Number         0  anon$$obj.o(Region$$Table)
    touch_state                              0x20000000   Data           1  main.o(.data)
    play_state                               0x20000001   Data           1  main.o(.data)
    volume                                   0x20000002   Data           1  main.o(.data)
    play_diaplay_cnt                         0x20000004   Data           4  main.o(.data)
    audio_total_size                         0x20000008   Data           4  main.o(.data)
    audio_play_size                          0x2000000c   Data           4  main.o(.data)
    FreadByte                                0x20000010   Data           4  main.o(.data)
    DeviceCode                               0x20000016   Data           2  lcd.o(.data)
    DisplaySample                            0x2000001c   Data          12  touchpanel.o(.data)
    display                                  0x20000028   Data           4  touchpanel.o(.data)
    br                                       0x20000038   Data           4  search.o(.data)
    bw                                       0x2000003c   Data           4  search.o(.data)
    textFileBuffer                           0x20000040   Data         100  search.o(.data)
    dir_path                                 0x200000a4   Data         104  search.o(.data)
    AudioSize                                0x2000010c   Data           4  vs1003.o(.data)
    VS1003_Cplt                              0x20000110   Data           4  vs1003.o(.data)
    TxBuffer                                 0x20000114   Data           4  vs1003.o(.data)
    vs1003ram                                0x20000118   Data           5  vs1003.o(.data)
    uwTick                                   0x20000120   Data           4  stm32f4xx_hal.o(.data)
    SystemCoreClock                          0x20000124   Data           4  system_stm32f4xx.o(.data)
    play_str                                 0x20000128   Data          20  main.o(.bss)
    volume_str                               0x2000013c   Data          20  main.o(.bss)
    audio_buffer1                            0x20000150   Data         512  main.o(.bss)
    audio_buffer2                            0x20000350   Data         512  main.o(.bss)
    image_buffer                             0x20000550   Data        1800  main.o(.bss)
    temp_buffer                              0x20000c58   Data        1800  mp3gui.o(.bss)
    matrix                                   0x20001360   Data          56  touchpanel.o(.bss)
    SPI_HandleStruct                         0x20001398   Data          88  touchpanel.o(.bss)
    ScreenSample                             0x200013f0   Data          12  touchpanel.o(.bss)
    SDIO_HandleStructure                     0x20001400   Data          96  sdcard.o(.bss)
    Rx_DmaHandle                             0x20001460   Data          96  sdcard.o(.bss)
    Tx_DmaHandle                             0x200014c0   Data          96  sdcard.o(.bss)
    SDCardInfo                               0x20001520   Data          88  sdcard.o(.bss)
    FileObject                               0x200015dc   Data         560  search.o(.bss)
    fsrc                                     0x2000180c   Data         548  search.o(.bss)
    buffer                                   0x20001a30   Data         512  search.o(.bss)
    curr_dir                                 0x20001c30   Data          28  search.o(.bss)
    FileList                                 0x20001c4c   Data         168  search.o(.bss)
    I2S_Tx_DmaHandle                         0x20001cf4   Data          96  i2s.o(.bss)
    I2S_HandleStructure                      0x20001d54   Data          68  i2s.o(.bss)
    SpiHandle                                0x20001d98   Data          88  vs1003.o(.bss)
    VS1003_Tx_DmaHandle                      0x20001df0   Data          96  vs1003.o(.bss)
    GPIO_InitStructure                       0x20001e50   Data          20  vs1003.o(.bss)
    __libspace_start                         0x20001e64   Data          96  libspace.o(.bss)
    __temporary_stack_top$libspace           0x20001ec4   Data           0  libspace.o(.bss)



==============================================================================

Memory Map of the image

  Image Entry point : 0x08000189

  Load Region LR_IROM1 (Base: 0x08000000, Size: 0x0000c560, Max: 0x00100000, ABSOLUTE)

    Execution Region ER_IROM1 (Exec base: 0x08000000, Load base: 0x08000000, Size: 0x0000c438, Max: 0x00100000, ABSOLUTE)

    Exec Addr    Load Addr    Size         Type   Attr      Idx    E Section Name        Object

    0x08000000   0x08000000   0x00000188   Data   RO         1112    RESET               startup_stm32f407xx.o
    0x08000188   0x08000188   0x00000008   Code   RO         1193  * !!!main             c_w.l(__main.o)
    0x08000190   0x08000190   0x00000034   Code   RO         1400    !!!scatter          c_w.l(__scatter.o)
    0x080001c4   0x080001c4   0x0000001a   Code   RO         1402    !!handler_copy      c_w.l(__scatter_copy.o)
    0x080001de   0x080001de   0x00000002   PAD
    0x080001e0   0x080001e0   0x0000001c   Code   RO         1404    !!handler_zi        c_w.l(__scatter_zi.o)
    0x080001fc   0x080001fc   0x00000000   Code   RO         1184    .ARM.Collect$$_printf_percent$$00000000  c_w.l(_printf_percent.o)
    0x080001fc   0x080001fc   0x00000006   Code   RO         1183    .ARM.Collect$$_printf_percent$$00000009  c_w.l(_printf_d.o)
    0x08000202   0x08000202   0x00000004   Code   RO         1230    .ARM.Collect$$_printf_percent$$00000017  c_w.l(_printf_percent_end.o)
    0x08000206   0x08000206   0x00000002   Code   RO         1270    .ARM.Collect$$libinit$$00000000  c_w.l(libinit.o)
    0x08000208   0x08000208   0x00000004   Code   RO         1282    .ARM.Collect$$libinit$$00000001  c_w.l(libinit2.o)
    0x0800020c   0x0800020c   0x00000000   Code   RO         1285    .ARM.Collect$$libinit$$00000004  c_w.l(libinit2.o)
    0x0800020c   0x0800020c   0x00000000   Code   RO         1288    .ARM.Collect$$libinit$$0000000A  c_w.l(libinit2.o)
    0x0800020c   0x0800020c   0x00000000   Code   RO         1290    .ARM.Collect$$libinit$$0000000C  c_w.l(libinit2.o)
    0x0800020c   0x0800020c   0x00000000   Code   RO         1292    .ARM.Collect$$libinit$$0000000E  c_w.l(libinit2.o)
    0x0800020c   0x0800020c   0x00000000   Code   RO         1295    .ARM.Collect$$libinit$$00000011  c_w.l(libinit2.o)
    0x0800020c   0x0800020c   0x00000000   Code   RO         1297    .ARM.Collect$$libinit$$00000013  c_w.l(libinit2.o)
    0x0800020c   0x0800020c   0x00000000   Code   RO         1299    .ARM.Collect$$libinit$$00000015  c_w.l(libinit2.o)
    0x0800020c   0x0800020c   0x00000000   Code   RO         1301    .ARM.Collect$$libinit$$00000017  c_w.l(libinit2.o)
    0x0800020c   0x0800020c   0x00000000   Code   RO         1303    .ARM.Collect$$libinit$$00000019  c_w.l(libinit2.o)
    0x0800020c   0x0800020c   0x00000000   Code   RO         1305    .ARM.Collect$$libinit$$0000001B  c_w.l(libinit2.o)
    0x0800020c   0x0800020c   0x00000000   Code   RO         1307    .ARM.Collect$$libinit$$0000001D  c_w.l(libinit2.o)
    0x0800020c   0x0800020c   0x00000000   Code   RO         1309    .ARM.Collect$$libinit$$0000001F  c_w.l(libinit2.o)
    0x0800020c   0x0800020c   0x00000000   Code   RO         1311    .ARM.Collect$$libinit$$00000021  c_w.l(libinit2.o)
    0x0800020c   0x0800020c   0x00000000   Code   RO         1313    .ARM.Collect$$libinit$$00000023  c_w.l(libinit2.o)
    0x0800020c   0x0800020c   0x00000000   Code   RO         1315    .ARM.Collect$$libinit$$00000025  c_w.l(libinit2.o)
    0x0800020c   0x0800020c   0x00000000   Code   RO         1319    .ARM.Collect$$libinit$$0000002C  c_w.l(libinit2.o)
    0x0800020c   0x0800020c   0x00000000   Code   RO         1321    .ARM.Collect$$libinit$$0000002E  c_w.l(libinit2.o)
    0x0800020c   0x0800020c   0x00000000   Code   RO         1323    .ARM.Collect$$libinit$$00000030  c_w.l(libinit2.o)
    0x0800020c   0x0800020c   0x00000000   Code   RO         1325    .ARM.Collect$$libinit$$00000032  c_w.l(libinit2.o)
    0x0800020c   0x0800020c   0x00000002   Code   RO         1326    .ARM.Collect$$libinit$$00000033  c_w.l(libinit2.o)
    0x0800020e   0x0800020e   0x00000002   Code   RO         1357    .ARM.Collect$$libshutdown$$00000000  c_w.l(libshutdown.o)
    0x08000210   0x08000210   0x00000000   Code   RO         1383    .ARM.Collect$$libshutdown$$00000002  c_w.l(libshutdown2.o)
    0x08000210   0x08000210   0x00000000   Code   RO         1385    .ARM.Collect$$libshutdown$$00000004  c_w.l(libshutdown2.o)
    0x08000210   0x08000210   0x00000000   Code   RO         1388    .ARM.Collect$$libshutdown$$00000007  c_w.l(libshutdown2.o)
    0x08000210   0x08000210   0x00000000   Code   RO         1391    .ARM.Collect$$libshutdown$$0000000A  c_w.l(libshutdown2.o)
    0x08000210   0x08000210   0x00000000   Code   RO         1393    .ARM.Collect$$libshutdown$$0000000C  c_w.l(libshutdown2.o)
    0x08000210   0x08000210   0x00000000   Code   RO         1396    .ARM.Collect$$libshutdown$$0000000F  c_w.l(libshutdown2.o)
    0x08000210   0x08000210   0x00000002   Code   RO         1397    .ARM.Collect$$libshutdown$$00000010  c_w.l(libshutdown2.o)
    0x08000212   0x08000212   0x00000000   Code   RO         1219    .ARM.Collect$$rtentry$$00000000  c_w.l(__rtentry.o)
    0x08000212   0x08000212   0x00000000   Code   RO         1239    .ARM.Collect$$rtentry$$00000002  c_w.l(__rtentry2.o)
    0x08000212   0x08000212   0x00000006   Code   RO         1251    .ARM.Collect$$rtentry$$00000004  c_w.l(__rtentry4.o)
    0x08000218   0x08000218   0x00000000   Code   RO         1241    .ARM.Collect$$rtentry$$00000009  c_w.l(__rtentry2.o)
    0x08000218   0x08000218   0x00000004   Code   RO         1242    .ARM.Collect$$rtentry$$0000000A  c_w.l(__rtentry2.o)
    0x0800021c   0x0800021c   0x00000000   Code   RO         1244    .ARM.Collect$$rtentry$$0000000C  c_w.l(__rtentry2.o)
    0x0800021c   0x0800021c   0x00000008   Code   RO         1245    .ARM.Collect$$rtentry$$0000000D  c_w.l(__rtentry2.o)
    0x08000224   0x08000224   0x00000002   Code   RO         1274    .ARM.Collect$$rtexit$$00000000  c_w.l(rtexit.o)
    0x08000226   0x08000226   0x00000000   Code   RO         1330    .ARM.Collect$$rtexit$$00000002  c_w.l(rtexit2.o)
    0x08000226   0x08000226   0x00000004   Code   RO         1331    .ARM.Collect$$rtexit$$00000003  c_w.l(rtexit2.o)
    0x0800022a   0x0800022a   0x00000006   Code   RO         1332    .ARM.Collect$$rtexit$$00000004  c_w.l(rtexit2.o)
    0x08000230   0x08000230   0x000004ac   Code   RO            4    .text               main.o
    0x080006dc   0x080006dc   0x00000014   Code   RO          195    .text               asciilib.o
    0x080006f0   0x080006f0   0x00001c34   Code   RO          218    .text               lcd.o
    0x08002324   0x08002324   0x0000027c   Code   RO          268    .text               mp3gui.o
    0x080025a0   0x080025a0   0x00000718   Code   RO          301    .text               touchpanel.o
    0x08002cb8   0x08002cb8   0x00000104   Code   RO          334    .text               diskio.o
    0x08002dbc   0x08002dbc   0x000016d2   Code   RO          365    .text               ff.o
    0x0800448e   0x0800448e   0x00000002   PAD
    0x08004490   0x08004490   0x00000244   Code   RO          389    .text               sdcard.o
    0x080046d4   0x080046d4   0x000005b8   Code   RO          421    .text               search.o
    0x08004c8c   0x08004c8c   0x000001d4   Code   RO          502    .text               i2s.o
    0x08004e60   0x08004e60   0x000008f0   Code   RO          563    .text               vs1003.o
    0x08005750   0x08005750   0x00000170   Code   RO          595    .text               stm32f4xx_hal.o
    0x080058c0   0x080058c0   0x0000024c   Code   RO          622    .text               stm32f4xx_hal_cortex.o
    0x08005b0c   0x08005b0c   0x000006b0   Code   RO          650    .text               stm32f4xx_hal_dma.o
    0x080061bc   0x080061bc   0x0000030c   Code   RO          699    .text               stm32f4xx_hal_gpio.o
    0x080064c8   0x080064c8   0x000007a4   Code   RO          747    .text               stm32f4xx_hal_i2s.o
    0x08006c6c   0x08006c6c   0x00000d0c   Code   RO          771    .text               stm32f4xx_hal_i2s_ex.o
    0x08007978   0x08007978   0x0000071c   Code   RO          843    .text               stm32f4xx_hal_rcc.o
    0x08008094   0x08008094   0x00001628   Code   RO          944    .text               stm32f4xx_hal_sd.o
    0x080096bc   0x080096bc   0x000013a0   Code   RO          968    .text               stm32f4xx_hal_spi.o
    0x0800aa5c   0x0800aa5c   0x00000324   Code   RO         1065    .text               stm32f4xx_ll_fsmc.o
    0x0800ad80   0x0800ad80   0x000000bc   Code   RO         1089    .text               stm32f4xx_ll_sdmmc.o
    0x0800ae3c   0x0800ae3c   0x00000040   Code   RO         1113    .text               startup_stm32f407xx.o
    0x0800ae7c   0x0800ae7c   0x000000c8   Code   RO         1120    .text               system_stm32f4xx.o
    0x0800af44   0x0800af44   0x000000ee   Code   RO         1151    .text               c_w.l(lludivv7m.o)
    0x0800b032   0x0800b032   0x00000002   PAD
    0x0800b034   0x0800b034   0x00000028   Code   RO         1155    .text               c_w.l(noretval__2sprintf.o)
    0x0800b05c   0x0800b05c   0x0000004e   Code   RO         1159    .text               c_w.l(_printf_pad.o)
    0x0800b0aa   0x0800b0aa   0x00000002   PAD
    0x0800b0ac   0x0800b0ac   0x00000078   Code   RO         1161    .text               c_w.l(_printf_dec.o)
    0x0800b124   0x0800b124   0x0000010e   Code   RO         1171    .text               c_w.l(__printf_wp.o)
    0x0800b232   0x0800b232   0x0000008a   Code   RO         1185    .text               c_w.l(rt_memcpy_v6.o)
    0x0800b2bc   0x0800b2bc   0x00000064   Code   RO         1187    .text               c_w.l(rt_memcpy_w.o)
    0x0800b320   0x0800b320   0x0000004e   Code   RO         1189    .text               c_w.l(rt_memclr_w.o)
    0x0800b36e   0x0800b36e   0x00000006   Code   RO         1191    .text               c_w.l(heapauxi.o)
    0x0800b374   0x0800b374   0x000000b2   Code   RO         1224    .text               c_w.l(_printf_intcommon.o)
    0x0800b426   0x0800b426   0x00000002   PAD
    0x0800b428   0x0800b428   0x00000030   Code   RO         1226    .text               c_w.l(_printf_char_common.o)
    0x0800b458   0x0800b458   0x0000000a   Code   RO         1228    .text               c_w.l(_sputc.o)
    0x0800b462   0x0800b462   0x0000004a   Code   RO         1257    .text               c_w.l(sys_stackheap_outer.o)
    0x0800b4ac   0x0800b4ac   0x00000012   Code   RO         1259    .text               c_w.l(exit.o)
    0x0800b4be   0x0800b4be   0x00000002   PAD
    0x0800b4c0   0x0800b4c0   0x00000008   Code   RO         1271    .text               c_w.l(libspace.o)
    0x0800b4c8   0x0800b4c8   0x0000000c   Code   RO         1327    .text               c_w.l(sys_exit.o)
    0x0800b4d4   0x0800b4d4   0x00000002   Code   RO         1346    .text               c_w.l(use_no_semi.o)
    0x0800b4d6   0x0800b4d6   0x00000000   Code   RO         1348    .text               c_w.l(indicate_semi.o)
    0x0800b4d6   0x0800b4d6   0x0000000e   Code   RO         1173    i._is_digit         c_w.l(__printf_wp.o)
    0x0800b4e4   0x0800b4e4   0x00000150   Code   RO         1195    x$fpl$dadd          fz_wm.l(daddsub_clz.o)
    0x0800b634   0x0800b634   0x00000018   Code   RO         1231    x$fpl$dcmpinf       fz_wm.l(dcmpi.o)
    0x0800b64c   0x0800b64c   0x000002b0   Code   RO         1202    x$fpl$ddiv          fz_wm.l(ddiv.o)
    0x0800b8fc   0x0800b8fc   0x00000078   Code   RO         1205    x$fpl$deqf          fz_wm.l(deqf.o)
    0x0800b974   0x0800b974   0x0000005a   Code   RO         1207    x$fpl$dfixu         fz_wm.l(dfixu.o)
    0x0800b9ce   0x0800b9ce   0x0000002e   Code   RO         1212    x$fpl$dflt          fz_wm.l(dflt_clz.o)
    0x0800b9fc   0x0800b9fc   0x00000026   Code   RO         1211    x$fpl$dfltu         fz_wm.l(dflt_clz.o)
    0x0800ba22   0x0800ba22   0x00000002   PAD
    0x0800ba24   0x0800ba24   0x00000154   Code   RO         1217    x$fpl$dmul          fz_wm.l(dmul.o)
    0x0800bb78   0x0800bb78   0x0000009c   Code   RO         1233    x$fpl$dnaninf       fz_wm.l(dnaninf.o)
    0x0800bc14   0x0800bc14   0x0000000c   Code   RO         1235    x$fpl$dretinf       fz_wm.l(dretinf.o)
    0x0800bc20   0x0800bc20   0x000001d4   Code   RO         1197    x$fpl$dsub          fz_wm.l(daddsub_clz.o)
    0x0800bdf4   0x0800bdf4   0x0000000a   Code   RO         1342    x$fpl$fpinit        fz_wm.l(fpinit.o)
    0x0800bdfe   0x0800bdfe   0x00000000   Code   RO         1237    x$fpl$usenofp       fz_wm.l(usenofp.o)
    0x0800bdfe   0x0800bdfe   0x000005f0   Data   RO          196    .constdata          asciilib.o
    0x0800c3ee   0x0800c3ee   0x00000008   Data   RO          651    .constdata          stm32f4xx_hal_dma.o
    0x0800c3f6   0x0800c3f6   0x00000010   Data   RO          844    .constdata          stm32f4xx_hal_rcc.o
    0x0800c406   0x0800c406   0x00000010   Data   RO         1121    .constdata          system_stm32f4xx.o
    0x0800c416   0x0800c416   0x00000002   PAD
    0x0800c418   0x0800c418   0x00000020   Data   RO         1398    Region$$Table       anon$$obj.o


    Execution Region RW_IRAM1 (Exec base: 0x20000000, Load base: 0x0800c438, Size: 0x000024c8, Max: 0x00020000, ABSOLUTE)

    Exec Addr    Load Addr    Size         Type   Attr      Idx    E Section Name        Object

    0x20000000   0x0800c438   0x00000014   Data   RW            6    .data               main.o
    0x20000014   0x0800c44c   0x00000004   Data   RW          219    .data               lcd.o
    0x20000018   0x0800c450   0x00000010   Data   RW          303    .data               touchpanel.o
    0x20000028   0x0800c460   0x00000004   Data   RW          304    .data               touchpanel.o
    0x2000002c   0x0800c464   0x00000008   Data   RW          366    .data               ff.o
    0x20000034   0x0800c46c   0x00000004   Data   RW          391    .data               sdcard.o
    0x20000038   0x0800c470   0x000000d4   Data   RW          424    .data               search.o
    0x2000010c   0x0800c544   0x00000011   Data   RW          565    .data               vs1003.o
    0x2000011d   0x0800c555   0x00000003   PAD
    0x20000120   0x0800c558   0x00000004   Data   RW          596    .data               stm32f4xx_hal.o
    0x20000124   0x0800c55c   0x00000004   Data   RW         1122    .data               system_stm32f4xx.o
    0x20000128        -       0x00000b30   Zero   RW            5    .bss                main.o
    0x20000c58        -       0x00000708   Zero   RW          269    .bss                mp3gui.o
    0x20001360        -       0x0000009c   Zero   RW          302    .bss                touchpanel.o
    0x200013fc   0x0800c560   0x00000004   PAD
    0x20001400        -       0x00000178   Zero   RW          390    .bss                sdcard.o
    0x20001578        -       0x0000077c   Zero   RW          422    .bss                search.o
    0x20001cf4        -       0x000000a4   Zero   RW          503    .bss                i2s.o
    0x20001d98        -       0x000000cc   Zero   RW          564    .bss                vs1003.o
    0x20001e64        -       0x00000060   Zero   RW         1272    .bss                c_w.l(libspace.o)
    0x20001ec4   0x0800c560   0x00000004   PAD
    0x20001ec8        -       0x00000200   Zero   RW         1111    HEAP                startup_stm32f407xx.o
    0x200020c8        -       0x00000400   Zero   RW         1110    STACK               startup_stm32f407xx.o


==============================================================================

Image component sizes


      Code (inc. data)   RO Data    RW Data    ZI Data      Debug   Object Name

        20          4       1520          0          0       1011   asciilib.o
       260         12          0          0          0       3850   diskio.o
      5842         38          0          8          0      25990   ff.o
       468         28          0          0        164       2322   i2s.o
      7220         58          0          4          0      85109   lcd.o
      1196         96          0         20       2864     696432   main.o
       636         18          0          0       1800       2916   mp3gui.o
       580         28          0          4        376       3126   sdcard.o
      1464        134          0        212       1916       5080   search.o
        64         26        392          0       1536        868   startup_stm32f407xx.o
       368         26          0          4          0       5159   stm32f4xx_hal.o
       588          8          0          0          0      35463   stm32f4xx_hal_cortex.o
      1712         36          8          0          0       7665   stm32f4xx_hal_dma.o
       780         44          0          0          0       4355   stm32f4xx_hal_gpio.o
      1956          8          0          0          0       9781   stm32f4xx_hal_i2s.o
      3340         54          0          0          0       8665   stm32f4xx_hal_i2s_ex.o
      1820         58         16          0          0       6156   stm32f4xx_hal_rcc.o
      5672         48          0          0          0      23227   stm32f4xx_hal_sd.o
      5024         90          0          0          0      17588   stm32f4xx_hal_spi.o
       804         18          0          0          0       6600   stm32f4xx_ll_fsmc.o
       188          8          0          0          0       3872   stm32f4xx_ll_sdmmc.o
       200         28         16          4          0       1667   system_stm32f4xx.o
      1816         76          0         20        156       6448   touchpanel.o
      2288         58          0         17        204       7337   vs1003.o

    ----------------------------------------------------------------------
     44308       1002       1986        296       9020     970687   Object Totals
         0          0         32          0          0          0   (incl. Generated)
         2          0          2          3          4          0   (incl. Padding)

    ----------------------------------------------------------------------

      Code (inc. data)   RO Data    RW Data    ZI Data      Debug   Library Member Name

         8          0          0          0          0         68   __main.o
       284          0          0          0          0        156   __printf_wp.o
         0          0          0          0          0          0   __rtentry.o
        12          0          0          0          0          0   __rtentry2.o
         6          0          0          0          0          0   __rtentry4.o
        52          8          0          0          0          0   __scatter.o
        26          0          0          0          0          0   __scatter_copy.o
        28          0          0          0          0          0   __scatter_zi.o
        48          6          0          0          0         96   _printf_char_common.o
         6          0          0          0          0          0   _printf_d.o
       120         16          0          0          0         92   _printf_dec.o
       178          0          0          0          0         88   _printf_intcommon.o
        78          0          0          0          0        108   _printf_pad.o
         0          0          0          0          0          0   _printf_percent.o
         4          0          0          0          0          0   _printf_percent_end.o
        10          0          0          0          0         68   _sputc.o
        18          0          0          0          0         80   exit.o
         6          0          0          0          0        152   heapauxi.o
         0          0          0          0          0          0   indicate_semi.o
         2          0          0          0          0          0   libinit.o
         6          0          0          0          0          0   libinit2.o
         2          0          0          0          0          0   libshutdown.o
         2          0          0          0          0          0   libshutdown2.o
         8          4          0          0         96         68   libspace.o
       238          0          0          0          0        100   lludivv7m.o
        40          6          0          0          0         84   noretval__2sprintf.o
        78          0          0          0          0         80   rt_memclr_w.o
       138          0          0          0          0         68   rt_memcpy_v6.o
       100          0          0          0          0         80   rt_memcpy_w.o
         2          0          0          0          0          0   rtexit.o
        10          0          0          0          0          0   rtexit2.o
        12          4          0          0          0         68   sys_exit.o
        74          0          0          0          0         80   sys_stackheap_outer.o
         2          0          0          0          0         68   use_no_semi.o
       804         16          0          0          0        368   daddsub_clz.o
        24          0          0          0          0        116   dcmpi.o
       688        140          0          0          0        256   ddiv.o
       120          4          0          0          0        140   deqf.o
        90          4          0          0          0        140   dfixu.o
        84          0          0          0          0        232   dflt_clz.o
       340         12          0          0          0        152   dmul.o
       156          4          0          0          0        140   dnaninf.o
        12          0          0          0          0        116   dretinf.o
        10          0          0          0          0        116   fpinit.o
         0          0          0          0          0          0   usenofp.o

    ----------------------------------------------------------------------
      3938        224          0          0        100       3380   Library Totals
        12          0          0          0          4          0   (incl. Padding)

    ----------------------------------------------------------------------

      Code (inc. data)   RO Data    RW Data    ZI Data      Debug   Library Name

      1598         44          0          0         96       1604   c_w.l
      2328        180          0          0          0       1776   fz_wm.l

    ----------------------------------------------------------------------
      3938        224          0          0        100       3380   Library Totals

    ----------------------------------------------------------------------

==============================================================================


      Code (inc. data)   RO Data    RW Data    ZI Data      Debug   

     48246       1226       1986        296       9120     966487   Grand Totals
     48246       1226       1986        296       9120     966487   ELF Image Totals
     48246       1226       1986        296          0          0   ROM Totals

==============================================================================

    Total RO  Size (Code + RO Data)                50232 (  49.05kB)
    Total RW  Size (RW Data + ZI Data)              9416 (   9.20kB)
    Total ROM Size (Code + RO Data + RW Data)      50528 (  49.34kB)

==============================================================================

